Archive member included because of file (symbol)

d:/lpcxpresso/lpcxpresso/tools/bin/../lib/gcc/arm-none-eabi/4.6.2/../../../../arm-none-eabi/lib/armv7-m\libcr_semihost.a(_cr__main.o)
                              ./src/cr_startup_lpc17.o (__main)
d:/lpcxpresso/lpcxpresso/tools/bin/../lib/gcc/arm-none-eabi/4.6.2/../../../../arm-none-eabi/lib/armv7-m\libcr_c.a(memcpy.o)
                              ./src/gpsModule/gpsModule.o (memcpy)
d:/lpcxpresso/lpcxpresso/tools/bin/../lib/gcc/arm-none-eabi/4.6.2/../../../../arm-none-eabi/lib/armv7-m\libcr_c.a(memset.o)
                              ./FreeRTOS_src/tasks.o (memset)
d:/lpcxpresso/lpcxpresso/tools/bin/../lib/gcc/arm-none-eabi/4.6.2/../../../../arm-none-eabi/lib/armv7-m\libcr_c.a(fpprintf.o)
                              ./src/userInterface/realTimeClock.o (sprintf)
d:/lpcxpresso/lpcxpresso/tools/bin/../lib/gcc/arm-none-eabi/4.6.2/../../../../arm-none-eabi/lib/armv7-m\libcr_c.a(initio.o)
                              d:/lpcxpresso/lpcxpresso/tools/bin/../lib/gcc/arm-none-eabi/4.6.2/../../../../arm-none-eabi/lib/armv7-m\libcr_semihost.a(_cr__main.o) (_initio)
d:/lpcxpresso/lpcxpresso/tools/bin/../lib/gcc/arm-none-eabi/4.6.2/../../../../arm-none-eabi/lib/armv7-m\libcr_c.a(printf.o)
                              d:/lpcxpresso/lpcxpresso/tools/bin/../lib/gcc/arm-none-eabi/4.6.2/../../../../arm-none-eabi/lib/armv7-m\libcr_c.a(fpprintf.o) (__vfprintf)
d:/lpcxpresso/lpcxpresso/tools/bin/../lib/gcc/arm-none-eabi/4.6.2/../../../../arm-none-eabi/lib/armv7-m\libcr_c.a(scanf.o)
                              ./src/gsmModule/gsmModule.o (atoi)
d:/lpcxpresso/lpcxpresso/tools/bin/../lib/gcc/arm-none-eabi/4.6.2/../../../../arm-none-eabi/lib/armv7-m\libcr_c.a(setvbuf.o)
                              d:/lpcxpresso/lpcxpresso/tools/bin/../lib/gcc/arm-none-eabi/4.6.2/../../../../arm-none-eabi/lib/armv7-m\libcr_c.a(initio.o) (setvbuf)
d:/lpcxpresso/lpcxpresso/tools/bin/../lib/gcc/arm-none-eabi/4.6.2/../../../../arm-none-eabi/lib/armv7-m\libcr_c.a(stdio.o)
                              d:/lpcxpresso/lpcxpresso/tools/bin/../lib/gcc/arm-none-eabi/4.6.2/../../../../arm-none-eabi/lib/armv7-m\libcr_c.a(fpprintf.o) (__Ciob)
d:/lpcxpresso/lpcxpresso/tools/bin/../lib/gcc/arm-none-eabi/4.6.2/../../../../arm-none-eabi/lib/armv7-m\libcr_c.a(strcat.o)
                              ./FreeRTOS_src/tasks.o (strcat)
d:/lpcxpresso/lpcxpresso/tools/bin/../lib/gcc/arm-none-eabi/4.6.2/../../../../arm-none-eabi/lib/armv7-m\libcr_c.a(strcmp.o)
                              ./src/gsmModule/gsmModule.o (strcmp)
d:/lpcxpresso/lpcxpresso/tools/bin/../lib/gcc/arm-none-eabi/4.6.2/../../../../arm-none-eabi/lib/armv7-m\libcr_c.a(strcpy.o)
                              ./src/gsmModule/gsmModule.o (strcpy)
d:/lpcxpresso/lpcxpresso/tools/bin/../lib/gcc/arm-none-eabi/4.6.2/../../../../arm-none-eabi/lib/armv7-m\libcr_c.a(strlen.o)
                              d:/lpcxpresso/lpcxpresso/tools/bin/../lib/gcc/arm-none-eabi/4.6.2/../../../../arm-none-eabi/lib/armv7-m\libcr_c.a(printf.o) (strlen)
d:/lpcxpresso/lpcxpresso/tools/bin/../lib/gcc/arm-none-eabi/4.6.2/../../../../arm-none-eabi/lib/armv7-m\libcr_c.a(strncmp.o)
                              ./src/gsmModule/gsmModule.o (strncmp)
d:/lpcxpresso/lpcxpresso/tools/bin/../lib/gcc/arm-none-eabi/4.6.2/../../../../arm-none-eabi/lib/armv7-m\libcr_c.a(strncpy.o)
                              ./src/gsmModule/gsmModule.o (strncpy)
d:/lpcxpresso/lpcxpresso/tools/bin/../lib/gcc/arm-none-eabi/4.6.2/../../../../arm-none-eabi/lib/armv7-m\libcr_c.a(ungetc.o)
                              d:/lpcxpresso/lpcxpresso/tools/bin/../lib/gcc/arm-none-eabi/4.6.2/../../../../arm-none-eabi/lib/armv7-m\libcr_c.a(scanf.o) (ungetc)
d:/lpcxpresso/lpcxpresso/tools/bin/../lib/gcc/arm-none-eabi/4.6.2/../../../../arm-none-eabi/lib/armv7-m\libcr_c.a(__fillbuf.o)
                              d:/lpcxpresso/lpcxpresso/tools/bin/../lib/gcc/arm-none-eabi/4.6.2/../../../../arm-none-eabi/lib/armv7-m\libcr_c.a(scanf.o) (__filbuf)
d:/lpcxpresso/lpcxpresso/tools/bin/../lib/gcc/arm-none-eabi/4.6.2/../../../../arm-none-eabi/lib/armv7-m\libcr_c.a(_deferredlazyseek.o)
                              d:/lpcxpresso/lpcxpresso/tools/bin/../lib/gcc/arm-none-eabi/4.6.2/../../../../arm-none-eabi/lib/armv7-m\libcr_c.a(__fillbuf.o) (_deferredlazyseek)
d:/lpcxpresso/lpcxpresso/tools/bin/../lib/gcc/arm-none-eabi/4.6.2/../../../../arm-none-eabi/lib/armv7-m\libcr_c.a(_fdopen.o)
                              d:/lpcxpresso/lpcxpresso/tools/bin/../lib/gcc/arm-none-eabi/4.6.2/../../../../arm-none-eabi/lib/armv7-m\libcr_c.a(initio.o) (_fdopen)
d:/lpcxpresso/lpcxpresso/tools/bin/../lib/gcc/arm-none-eabi/4.6.2/../../../../arm-none-eabi/lib/armv7-m\libcr_c.a(_fflush.o)
                              d:/lpcxpresso/lpcxpresso/tools/bin/../lib/gcc/arm-none-eabi/4.6.2/../../../../arm-none-eabi/lib/armv7-m\libcr_c.a(__fillbuf.o) (_fflush)
[...]
Memory Configuration

Name             Origin             Length             Attributes
MFlash128        0x00000000         0x00020000         xr
RamLoc16         0x10000000         0x00004000         xrw
RamAHB16         0x2007c000         0x00004000         xrw
*default*        0x00000000         0xffffffff

Linker script and memory map

LOAD ./stdPeriphLibs/core_cm3.o
LOAD ./stdPeriphLibs/lpc17xx_adc.o
LOAD ./stdPeriphLibs/lpc17xx_clkpwr.o
LOAD ./stdPeriphLibs/lpc17xx_dac.o
LOAD ./stdPeriphLibs/lpc17xx_exti.o
LOAD ./stdPeriphLibs/lpc17xx_gpdma.o
LOAD ./stdPeriphLibs/lpc17xx_gpio.o
LOAD ./stdPeriphLibs/lpc17xx_i2c.o
LOAD ./stdPeriphLibs/lpc17xx_i2s.o
LOAD ./stdPeriphLibs/lpc17xx_libcfg_default.o
LOAD ./stdPeriphLibs/lpc17xx_nvic.o
LOAD ./stdPeriphLibs/lpc17xx_pinsel.o
LOAD ./stdPeriphLibs/lpc17xx_pwm.o
LOAD ./stdPeriphLibs/lpc17xx_rit.o
LOAD ./stdPeriphLibs/lpc17xx_rtc.o
LOAD ./stdPeriphLibs/lpc17xx_spi.o
LOAD ./stdPeriphLibs/lpc17xx_ssp.o
LOAD ./stdPeriphLibs/lpc17xx_systick.o
LOAD ./stdPeriphLibs/lpc17xx_timer.o
LOAD ./stdPeriphLibs/lpc17xx_uart.o
LOAD ./stdPeriphLibs/lpc17xx_wdt.o
LOAD ./stdPeriphLibs/system_LPC17xx.o
LOAD ./src/userInterface/displayDriver.o
LOAD ./src/userInterface/qTouch.o
LOAD ./src/userInterface/realTimeClock.o
LOAD ./src/tasks/idleTask.o
LOAD ./src/tasks/measurementsTask.o
LOAD ./src/tasks/taskGpsLocalization.o
LOAD ./src/tasks/taskLedBlinking.o
LOAD ./src/tasks/userTask.o
LOAD ./src/sensorsMenagement/DS18B20.o
LOAD ./src/sensorsMenagement/SHT21.o
LOAD ./src/sensorsMenagement/sensorControl.o
LOAD ./src/powerManagement/poweMenagement.o
LOAD ./src/gsmModule/gsmModule.o
LOAD ./src/gpsModule/gpsModule.o
LOAD ./src/commonFunctions.o
LOAD ./src/cr_startup_lpc17.o
LOAD ./src/main.o
LOAD ./FreeRTOS_src/croutine.o
LOAD ./FreeRTOS_src/list.o
LOAD ./FreeRTOS_src/queue.o
LOAD ./FreeRTOS_src/tasks.o
LOAD ./FreeRTOS_src/timers.o
LOAD ./FreeRTOS_portable/MemMang/heap_2.o
LOAD ./FreeRTOS_portable/port.o
START GROUP
LOAD d:/lpcxpresso/lpcxpresso/tools/bin/../lib/gcc/arm-none-eabi/4.6.2/../../../../arm-none-eabi/lib/armv7-m\libcr_semihost.a
LOAD d:/lpcxpresso/lpcxpresso/tools/bin/../lib/gcc/arm-none-eabi/4.6.2/../../../../arm-none-eabi/lib/armv7-m\libcr_c.a
LOAD d:/lpcxpresso/lpcxpresso/tools/bin/../lib/gcc/arm-none-eabi/4.6.2/armv7-m\libcr_eabihelpers.a
END GROUP
                0x00020000                __top_MFlash128 = 0x20000
                0x10004000                __top_RamLoc16 = 0x10004000
                0x20080000                __top_RamAHB16 = 0x20080000

.text           0x00000000     0x5aa8
 FILL mask 0xff
                0x00000000                __vectors_start__ = ABSOLUTE (.)
 *(.isr_vector)
 .isr_vector    0x00000000       0xcc ./src/cr_startup_lpc17.o
                0x00000000                g_pfnVectors
                0x000000cc                . = ALIGN (0x4)
                0x000000cc                __section_table_start = .
                0x000000cc                __data_section_table = .
                0x000000cc        0x4 LONG 0x5aa8 LOADADDR (.data)
                0x000000d0        0x4 LONG 0x10000000 ADDR (.data)
                0x000000d4        0x4 LONG 0x18 SIZEOF (.data)
                0x000000d8        0x4 LONG 0x5aa8 LOADADDR (.data_RAM2)
                0x000000dc        0x4 LONG 0x2007c000 ADDR (.data_RAM2)
                0x000000e0        0x4 LONG 0x0 SIZEOF (.data_RAM2)
                0x000000e4                __data_section_table_end = .
                0x000000e4                __bss_section_table = .
                0x000000e4        0x4 LONG 0x10000018 ADDR (.bss)
                0x000000e8        0x4 LONG 0x434 SIZEOF (.bss)
                0x000000ec        0x4 LONG 0x2007c000 ADDR (.bss_RAM2)
                0x000000f0        0x4 LONG 0x0 SIZEOF (.bss_RAM2)
                0x000000f4                __bss_section_table_end = .
                0x000000f4                __section_table_end = .
 *(.after_vectors*)
 *(.text*)
 .text.CLKPWR_SetPCLKDiv
                0x000000f4       0xcc ./stdPeriphLibs/lpc17xx_clkpwr.o
                0x000000f4                CLKPWR_SetPCLKDiv
 .text.CLKPWR_GetPCLKSEL
                0x000001c0       0x54 ./stdPeriphLibs/lpc17xx_clkpwr.o
                0x000001c0                CLKPWR_GetPCLKSEL
 .text.CLKPWR_GetPCLK
                0x00000214       0x74 ./stdPeriphLibs/lpc17xx_clkpwr.o
                0x00000214                CLKPWR_GetPCLK
 .text.CLKPWR_ConfigPPWR
                0x00000288       0x78 ./stdPeriphLibs/lpc17xx_clkpwr.o
                0x00000288                CLKPWR_ConfigPPWR
 .text.EXTI_ClearEXTIFlag
                0x00000300       0x3c ./stdPeriphLibs/lpc17xx_exti.o
                0x00000300                EXTI_ClearEXTIFlag
 .text.GPIO_GetPointer
                0x0000033c       0x7c ./stdPeriphLibs/lpc17xx_gpio.o
 .text.GPIO_SetDir
                0x000003b8       0x54 ./stdPeriphLibs/lpc17xx_gpio.o
                0x000003b8                GPIO_SetDir
 .text.GPIO_SetValue
                0x0000040c       0x2c ./stdPeriphLibs/lpc17xx_gpio.o
                0x0000040c                GPIO_SetValue
 .text.GPIO_ClearValue
                0x00000438       0x2c ./stdPeriphLibs/lpc17xx_gpio.o
                0x00000438                GPIO_ClearValue
 .text.GPIO_ReadValue
                0x00000464       0x30 ./stdPeriphLibs/lpc17xx_gpio.o
                0x00000464                GPIO_ReadValue
 .text.NVIC_EnableIRQ
                0x00000494       0x38 ./stdPeriphLibs/lpc17xx_i2c.o
 .text.NVIC_DisableIRQ
                0x000004cc       0x3c ./stdPeriphLibs/lpc17xx_i2c.o
 .text.I2C_getNum
                0x00000508       0x54 ./stdPeriphLibs/lpc17xx_i2c.o
 .text.I2C_Start
                0x0000055c       0x44 ./stdPeriphLibs/lpc17xx_i2c.o
 .text.I2C_Stop
                0x000005a0       0x38 ./stdPeriphLibs/lpc17xx_i2c.o
 .text.I2C_SendByte
                0x000005d8       0x50 ./stdPeriphLibs/lpc17xx_i2c.o
 .text.I2C_GetByte
                0x00000628       0x5c ./stdPeriphLibs/lpc17xx_i2c.o
 .text.I2C_SetClock
                0x00000684       0xc8 ./stdPeriphLibs/lpc17xx_i2c.o
 .text.I2C_Init
                0x0000074c       0xd8 ./stdPeriphLibs/lpc17xx_i2c.o
                0x0000074c                I2C_Init
 .text.I2C_Cmd  0x00000824       0x84 ./stdPeriphLibs/lpc17xx_i2c.o
                0x00000824                I2C_Cmd
 .text.I2C_IntCmd
                0x000008a8       0xa8 ./stdPeriphLibs/lpc17xx_i2c.o
                0x000008a8                I2C_IntCmd
 .text.I2C_MasterTransferData
                0x00000950      0x34c ./stdPeriphLibs/lpc17xx_i2c.o
                0x00000950                I2C_MasterTransferData
 .text.check_failed
                0x00000c9c        0xc ./stdPeriphLibs/lpc17xx_libcfg_default.o
                0x00000c9c                check_failed
 .text.set_PinFunc
                0x00000ca8       0x9c ./stdPeriphLibs/lpc17xx_pinsel.o
 .text.set_ResistorMode
                0x00000d44       0x9c ./stdPeriphLibs/lpc17xx_pinsel.o
 .text.set_OpenDrainMode
                0x00000de0       0x7c ./stdPeriphLibs/lpc17xx_pinsel.o
 .text.PINSEL_ConfigPin
                0x00000e5c       0x54 ./stdPeriphLibs/lpc17xx_pinsel.o
                0x00000e5c                PINSEL_ConfigPin
 .text.RTC_Init
                0x00000eb0       0x64 ./stdPeriphLibs/lpc17xx_rtc.o
                0x00000eb0                RTC_Init
 .text.RTC_ResetClockTickCounter
                0x00000f14       0x50 ./stdPeriphLibs/lpc17xx_rtc.o
                0x00000f14                RTC_ResetClockTickCounter
 .text.RTC_Cmd  0x00000f64       0x78 ./stdPeriphLibs/lpc17xx_rtc.o
                0x00000f64                RTC_Cmd
 .text.RTC_SetTime
                0x00000fdc      0x200 ./stdPeriphLibs/lpc17xx_rtc.o
                0x00000fdc                RTC_SetTime
 .text.getPClock
                0x000011dc       0x68 ./stdPeriphLibs/lpc17xx_timer.o
 .text.converUSecToVal
                0x00001244       0x64 ./stdPeriphLibs/lpc17xx_timer.o
 .text.converPtrToTimeNum
                0x000012a8       0x6c ./stdPeriphLibs/lpc17xx_timer.o
 .text.TIM_ClearIntPending
                0x00001314       0xa0 ./stdPeriphLibs/lpc17xx_timer.o
                0x00001314                TIM_ClearIntPending
 .text.TIM_Init
                0x000013b4      0x1cc ./stdPeriphLibs/lpc17xx_timer.o
                0x000013b4                TIM_Init
 .text.TIM_Cmd  0x00001580       0x78 ./stdPeriphLibs/lpc17xx_timer.o
                0x00001580                TIM_Cmd
 .text.TIM_ResetCounter
                0x000015f8       0x6c ./stdPeriphLibs/lpc17xx_timer.o
                0x000015f8                TIM_ResetCounter
 .text.TIM_ConfigMatch
                0x00001664      0x1cc ./stdPeriphLibs/lpc17xx_timer.o
                0x00001664                TIM_ConfigMatch
 .text.uart_set_divisors
                0x00001830      0x26c ./stdPeriphLibs/lpc17xx_uart.o
 .text.UART_Init
                0x00001a9c      0x368 ./stdPeriphLibs/lpc17xx_uart.o
                0x00001a9c                UART_Init
 .text.UART_ConfigStructInit
                0x00001e04       0x34 ./stdPeriphLibs/lpc17xx_uart.o
                0x00001e04                UART_ConfigStructInit
 .text.UART_SendByte
                0x00001e38       0x78 ./stdPeriphLibs/lpc17xx_uart.o
                0x00001e38                UART_SendByte
 .text.UART_ReceiveByte
                0x00001eb0       0x78 ./stdPeriphLibs/lpc17xx_uart.o
                0x00001eb0                UART_ReceiveByte
 .text.UART_Send
                0x00001f28      0x10c ./stdPeriphLibs/lpc17xx_uart.o
                0x00001f28                UART_Send
 .text.UART_IntConfig
                0x00002034      0x1c8 ./stdPeriphLibs/lpc17xx_uart.o
                0x00002034                UART_IntConfig
 .text.UART_CheckBusy
                0x000021fc       0x2c ./stdPeriphLibs/lpc17xx_uart.o
                0x000021fc                UART_CheckBusy
 .text.UART_FIFOConfig
                0x00002228      0x184 ./stdPeriphLibs/lpc17xx_uart.o
                0x00002228                UART_FIFOConfig
 .text.UART_FIFOConfigStructInit
                0x000023ac       0x34 ./stdPeriphLibs/lpc17xx_uart.o
                0x000023ac                UART_FIFOConfigStructInit
 .text.UART_TxCmd
                0x000023e0       0xe8 ./stdPeriphLibs/lpc17xx_uart.o
                0x000023e0                UART_TxCmd
 .text.UART_FullModemForcePinState
                0x000024c8       0xcc ./stdPeriphLibs/lpc17xx_uart.o
                0x000024c8                UART_FullModemForcePinState
 .text.UART_FullModemConfigMode
                0x00002594       0xd4 ./stdPeriphLibs/lpc17xx_uart.o
                0x00002594                UART_FullModemConfigMode
 .text.SystemCoreClockUpdate
                0x00002668      0x2d0 ./stdPeriphLibs/system_LPC17xx.o
                0x00002668                SystemCoreClockUpdate
 .text.SystemInit
                0x00002938      0x234 ./stdPeriphLibs/system_LPC17xx.o
                0x00002938                SystemInit
 .text.NVIC_EnableIRQ
                0x00002b6c       0x38 ./src/userInterface/qTouch.o
 .text.NVIC_DisableIRQ
                0x00002ba4       0x3c ./src/userInterface/qTouch.o
 .text.EINT0_IRQHandler
                0x00002be0       0x4c ./src/userInterface/qTouch.o
                0x00002be0                EINT0_IRQHandler
 .text.sendQtouchConfiguration
                0x00002c2c      0x27c ./src/userInterface/qTouch.o
 .text.sendQtouchCalibrateCmd
                0x00002ea8       0x88 ./src/userInterface/qTouch.o
 .text.readQtouchStatusRegisers
                0x00002f30       0x98 ./src/userInterface/qTouch.o
 .text.getArrayElementsNumb
                0x00002fc8       0x38 ./src/userInterface/qTouch.o
 .text.qtouchResetControler
                0x00003000       0x24 ./src/userInterface/qTouch.o
                0x00003000                qtouchResetControler
 .text.initRTC  0x00003024       0xa8 ./src/userInterface/realTimeClock.o
                0x00003024                initRTC
 .text.initSHT21
                0x000030cc        0xc ./src/sensorsMenagement/SHT21.o
                0x000030cc                initSHT21
 .text.pinInit  0x000030d8       0x68 ./src/sensorsMenagement/SHT21.o
 .text.sensorControlInit
                0x00003140        0xc ./src/sensorsMenagement/sensorControl.o
                0x00003140                sensorControlInit
 .text.ctrlPinsInit
                0x0000314c       0x18 ./src/sensorsMenagement/sensorControl.o
 .text.setActiveChannel
                0x00003164       0x74 ./src/sensorsMenagement/sensorControl.o
                0x00003164                setActiveChannel
 .text.sensorConnectionCmd
                0x000031d8       0x34 ./src/sensorsMenagement/sensorControl.o
                0x000031d8                sensorConnectionCmd
 .text.powerSectionInit
                0x0000320c       0x1c ./src/powerManagement/poweMenagement.o
                0x0000320c                powerSectionInit
 .text.GPIO_Initialization
                0x00003228       0x28 ./src/powerManagement/poweMenagement.o
 .text.chargerCmd
                0x00003250       0x34 ./src/powerManagement/poweMenagement.o
                0x00003250                chargerCmd
 .text.setUsbCurrent
                0x00003284       0x34 ./src/powerManagement/poweMenagement.o
                0x00003284                setUsbCurrent
 .text.NVIC_EnableIRQ
                0x000032b8       0x38 ./src/gsmModule/gsmModule.o
 .text.NVIC_ClearPendingIRQ
                0x000032f0       0x3c ./src/gsmModule/gsmModule.o
 .text.GSM_Init
                0x0000332c       0x4c ./src/gsmModule/gsmModule.o
                0x0000332c                GSM_Init
 .text.GPIO_Config
                0x00003378       0x64 ./src/gsmModule/gsmModule.o
 .text.UART_FullModemConfig
                0x000033dc      0x144 ./src/gsmModule/gsmModule.o
 .text.GSM_GetStatus
                0x00003520       0x24 ./src/gsmModule/gsmModule.o
                0x00003520                GSM_GetStatus
 .text.GSM_Switch
                0x00003544       0x90 ./src/gsmModule/gsmModule.o
                0x00003544                GSM_Switch
 .text.prepareServerConf
                0x000035d4       0xf0 ./src/gsmModule/gsmModule.o
 .text.GSM_SendCommand
                0x000036c4       0x18 ./src/gsmModule/gsmModule.o
                0x000036c4                GSM_SendCommand
 .text.GSM_SerialSendString
                0x000036dc       0x50 ./src/gsmModule/gsmModule.o
 .text.buffLength
                0x0000372c       0x38 ./src/gsmModule/gsmModule.o
 .text.UART1_IRQHandler
                0x00003764      0x14c ./src/gsmModule/gsmModule.o
                0x00003764                UART1_IRQHandler
 .text.getServerResponse
                0x000038b0      0x110 ./src/gsmModule/gsmModule.o
 .text.getAtvResponse
                0x000039c0       0x98 ./src/gsmModule/gsmModule.o
 .text.NVIC_ClearPendingIRQ
                0x00003a58       0x3c ./src/gpsModule/gpsModule.o
 .text.UART0_IRQHandler
                0x00003a94      0x15c ./src/gpsModule/gpsModule.o
                0x00003a94                UART0_IRQHandler
 .text.NVIC_EnableIRQ
                0x00003bf0       0x38 ./src/commonFunctions.o
 .text.NVIC_DisableIRQ
                0x00003c28       0x3c ./src/commonFunctions.o
 .text.NVIC_SetPriority
                0x00003c64       0x5c ./src/commonFunctions.o
 .text.Timer1_init
                0x00003cc0       0x98 ./src/commonFunctions.o
                0x00003cc0                Timer1_init
 .text.TIMER1_IRQHandler
                0x00003d58       0x3c ./src/commonFunctions.o
                0x00003d58                TIMER1_IRQHandler
 .text.delay_ms
                0x00003d94       0x38 ./src/commonFunctions.o
                0x00003d94                delay_ms
 .text.ResetISR
                0x00003dcc       0x64 ./src/cr_startup_lpc17.o
                0x00003dcc                ResetISR
 .text.NMI_Handler
                0x00003e30        0x8 ./src/cr_startup_lpc17.o
                0x00003e30                NMI_Handler
 .text.HardFault_Handler
                0x00003e38        0x8 ./src/cr_startup_lpc17.o
                0x00003e38                HardFault_Handler
 .text.MemManage_Handler
                0x00003e40        0x8 ./src/cr_startup_lpc17.o
                0x00003e40                MemManage_Handler
 .text.BusFault_Handler
                0x00003e48        0x8 ./src/cr_startup_lpc17.o
                0x00003e48                BusFault_Handler
 .text.UsageFault_Handler
                0x00003e50        0x8 ./src/cr_startup_lpc17.o
                0x00003e50                UsageFault_Handler
 .text.DebugMon_Handler
                0x00003e58        0x8 ./src/cr_startup_lpc17.o
                0x00003e58                DebugMon_Handler
 .text.IntDefaultHandler
                0x00003e60        0x8 ./src/cr_startup_lpc17.o
                0x00003e60                TIMER2_IRQHandler
                0x00003e60                RIT_IRQHandler
                0x00003e60                I2C0_IRQHandler
                0x00003e60                USBActivity_IRQHandler
                0x00003e60                PWM1_IRQHandler
                0x00003e60                I2C1_IRQHandler
                0x00003e60                EINT2_IRQHandler
                0x00003e60                EINT3_IRQHandler
                0x00003e60                CANActivity_IRQHandler
                0x00003e60                TIMER3_IRQHandler
                0x00003e60                IntDefaultHandler
                0x00003e60                PLL0_IRQHandler
                0x00003e60                CAN_IRQHandler
                0x00003e60                PLL1_IRQHandler
                0x00003e60                SSP0_IRQHandler
                0x00003e60                I2S_IRQHandler
                0x00003e60                I2C2_IRQHandler
                0x00003e60                RTC_IRQHandler
                0x00003e60                TIMER0_IRQHandler
                0x00003e60                SPI_IRQHandler
                0x00003e60                EINT1_IRQHandler
                0x00003e60                UART2_IRQHandler
                0x00003e60                ADC_IRQHandler
                0x00003e60                SSP1_IRQHandler
                0x00003e60                USB_IRQHandler
                0x00003e60                BOD_IRQHandler
                0x00003e60                WDT_IRQHandler
                0x00003e60                QEI_IRQHandler
                0x00003e60                DMA_IRQHandler
                0x00003e60                UART3_IRQHandler
                0x00003e60                MCPWM_IRQHandler
                0x00003e60                ENET_IRQHandler
 .text.setupHardware
                0x00003e68       0x2c ./src/main.o
 .text.main     0x00003e94       0x14 ./src/main.o
                0x00003e94                main
 .text.vListInsertEnd
                0x00003ea8       0x54 ./FreeRTOS_src/list.o
                0x00003ea8                vListInsertEnd
 .text.vListInsert
                0x00003efc       0x78 ./FreeRTOS_src/list.o
                0x00003efc                vListInsert
 .text.vListRemove
                0x00003f74       0x54 ./FreeRTOS_src/list.o
                0x00003f74                vListRemove
 .text.xQueueGenericSend
                0x00003fc8      0x124 ./FreeRTOS_src/queue.o
                0x00003fc8                xQueueGenericSend
 .text.prvCopyDataToQueue
                0x000040ec       0xc4 ./FreeRTOS_src/queue.o
 .text.prvUnlockQueue
                0x000041b0       0xa0 ./FreeRTOS_src/queue.o
 .text.prvIsQueueFull
                0x00004250       0x30 ./FreeRTOS_src/queue.o
 .text.vTaskSuspendAll
                0x00004280       0x24 ./FreeRTOS_src/tasks.o
                0x00004280                vTaskSuspendAll
 .text.xTaskResumeAll
                0x000042a4      0x154 ./FreeRTOS_src/tasks.o
                0x000042a4                xTaskResumeAll
 .text.vTaskIncrementTick
                0x000043f8      0x1b8 ./FreeRTOS_src/tasks.o
                0x000043f8                vTaskIncrementTick
 .text.vTaskSwitchContext
                0x000045b0      0x194 ./FreeRTOS_src/tasks.o
                0x000045b0                vTaskSwitchContext
 .text.vTaskPlaceOnEventList
                0x00004744       0x78 ./FreeRTOS_src/tasks.o
                0x00004744                vTaskPlaceOnEventList
 .text.xTaskRemoveFromEventList
                0x000047bc       0xc4 ./FreeRTOS_src/tasks.o
                0x000047bc                xTaskRemoveFromEventList
 .text.vTaskSetTimeOutState
                0x00004880       0x30 ./FreeRTOS_src/tasks.o
                0x00004880                vTaskSetTimeOutState
 .text.xTaskCheckForTimeOut
                0x000048b0       0xa4 ./FreeRTOS_src/tasks.o
                0x000048b0                xTaskCheckForTimeOut
 .text.vTaskMissedYield
                0x00004954       0x18 ./FreeRTOS_src/tasks.o
                0x00004954                vTaskMissedYield
 .text.prvAddCurrentTaskToDelayedList
                0x0000496c       0x8c ./FreeRTOS_src/tasks.o
 .text.vTaskPriorityDisinherit
                0x000049f8       0x90 ./FreeRTOS_src/tasks.o
                0x000049f8                vTaskPriorityDisinherit
 .text.vPortSVCHandler
                0x00004a88       0x20 ./FreeRTOS_portable/port.o
                0x00004a88                vPortSVCHandler
 .text.vPortYieldFromISR
                0x00004aa8       0x18 ./FreeRTOS_portable/port.o
                0x00004aa8                vPortYieldFromISR
 .text.vPortEnterCritical
                0x00004ac0       0x2c ./FreeRTOS_portable/port.o
                0x00004ac0                vPortEnterCritical
 .text.vPortExitCritical
                0x00004aec       0x38 ./FreeRTOS_portable/port.o
                0x00004aec                vPortExitCritical
 .text.xPortPendSVHandler
                0x00004b24       0x3c ./FreeRTOS_portable/port.o
                0x00004b24                xPortPendSVHandler
 .text.xPortSysTickHandler
                0x00004b60       0x38 ./FreeRTOS_portable/port.o
                0x00004b60                xPortSysTickHandler
 .text.__main   0x00004b98       0x14 d:/lpcxpresso/lpcxpresso/tools/bin/../lib/gcc/arm-none-eabi/4.6.2/../../../../arm-none-eabi/lib/armv7-m\libcr_semihost.a(_cr__main.o)
                0x00004b98                __CR_SEMIHOST
                0x00004b98                __main
 .text.memcpy   0x00004bac        0x4 d:/lpcxpresso/lpcxpresso/tools/bin/../lib/gcc/arm-none-eabi/4.6.2/../../../../arm-none-eabi/lib/armv7-m\libcr_c.a(memcpy.o)
                0x00004bac                memcpy
 .text.memset   0x00004bb0        0x4 d:/lpcxpresso/lpcxpresso/tools/bin/../lib/gcc/arm-none-eabi/4.6.2/../../../../arm-none-eabi/lib/armv7-m\libcr_c.a(memset.o)
                0x00004bb0                memset
 .text._initio  0x00004bb4       0x9c d:/lpcxpresso/lpcxpresso/tools/bin/../lib/gcc/arm-none-eabi/4.6.2/../../../../arm-none-eabi/lib/armv7-m\libcr_c.a(initio.o)
                0x00004bb4                _initio
 .text.ch_val   0x00004c50       0x34 d:/lpcxpresso/lpcxpresso/tools/bin/../lib/gcc/arm-none-eabi/4.6.2/../../../../arm-none-eabi/lib/armv7-m\libcr_c.a(scanf.o)
 .text._strtoul
                0x00004c84       0xc8 d:/lpcxpresso/lpcxpresso/tools/bin/../lib/gcc/arm-none-eabi/4.6.2/../../../../arm-none-eabi/lib/armv7-m\libcr_c.a(scanf.o)
 .text.strtol   0x00004d4c       0x7c d:/lpcxpresso/lpcxpresso/tools/bin/../lib/gcc/arm-none-eabi/4.6.2/../../../../arm-none-eabi/lib/armv7-m\libcr_c.a(scanf.o)
                0x00004d4c                strtol
 .text.atoi     0x00004dc8       0x18 d:/lpcxpresso/lpcxpresso/tools/bin/../lib/gcc/arm-none-eabi/4.6.2/../../../../arm-none-eabi/lib/armv7-m\libcr_c.a(scanf.o)
                0x00004dc8                atoi
 .text.setvbuf  0x00004de0       0x48 d:/lpcxpresso/lpcxpresso/tools/bin/../lib/gcc/arm-none-eabi/4.6.2/../../../../arm-none-eabi/lib/armv7-m\libcr_c.a(setvbuf.o)
                0x00004de0                setvbuf
 .text.strcmp   0x00004e28       0x3c d:/lpcxpresso/lpcxpresso/tools/bin/../lib/gcc/arm-none-eabi/4.6.2/../../../../arm-none-eabi/lib/armv7-m\libcr_c.a(strcmp.o)
                0x00004e28                strcmp
 .text.strcpy   0x00004e64       0x44 d:/lpcxpresso/lpcxpresso/tools/bin/../lib/gcc/arm-none-eabi/4.6.2/../../../../arm-none-eabi/lib/armv7-m\libcr_c.a(strcpy.o)
                0x00004e64                strcpy
 .text.strlen   0x00004ea8       0x4c d:/lpcxpresso/lpcxpresso/tools/bin/../lib/gcc/arm-none-eabi/4.6.2/../../../../arm-none-eabi/lib/armv7-m\libcr_c.a(strlen.o)
                0x00004ea8                strlen
 .text.strncmp  0x00004ef4       0x4e d:/lpcxpresso/lpcxpresso/tools/bin/../lib/gcc/arm-none-eabi/4.6.2/../../../../arm-none-eabi/lib/armv7-m\libcr_c.a(strncmp.o)
                0x00004ef4                strncmp
 .text.strncpy  0x00004f42       0x54 d:/lpcxpresso/lpcxpresso/tools/bin/../lib/gcc/arm-none-eabi/4.6.2/../../../../arm-none-eabi/lib/armv7-m\libcr_c.a(strncpy.o)
                0x00004f42                strncpy
 .text._deferredlazyseek
                0x00004f96       0x44 d:/lpcxpresso/lpcxpresso/tools/bin/../lib/gcc/arm-none-eabi/4.6.2/../../../../arm-none-eabi/lib/armv7-m\libcr_c.a(_deferredlazyseek.o)
                0x00004f96                _deferredlazyseek
 .text._fdopen  0x00004fda       0x6c d:/lpcxpresso/lpcxpresso/tools/bin/../lib/gcc/arm-none-eabi/4.6.2/../../../../arm-none-eabi/lib/armv7-m\libcr_c.a(_fdopen.o)
                0x00004fda                _fdopen
 .text._fflush  0x00005046       0x58 d:/lpcxpresso/lpcxpresso/tools/bin/../lib/gcc/arm-none-eabi/4.6.2/../../../../arm-none-eabi/lib/armv7-m\libcr_c.a(_fflush.o)
                0x00005046                _fflush
 *fill*         0x0000509e        0x2 00
 .text._Cwritebuf
                0x000050a0       0x84 d:/lpcxpresso/lpcxpresso/tools/bin/../lib/gcc/arm-none-eabi/4.6.2/../../../../arm-none-eabi/lib/armv7-m\libcr_c.a(_writebuf.o)
                0x000050a0                _Cwritebuf
 .text.malloc   0x00005124       0xbc d:/lpcxpresso/lpcxpresso/tools/bin/../lib/gcc/arm-none-eabi/4.6.2/../../../../arm-none-eabi/lib/armv7-m\libcr_c.a(alloc.o)
                0x00005124                malloc
 .text.free     0x000051e0        0xa d:/lpcxpresso/lpcxpresso/tools/bin/../lib/gcc/arm-none-eabi/4.6.2/../../../../arm-none-eabi/lib/armv7-m\libcr_c.a(alloc.o)
                0x000051e0                free
 *fill*         0x000051ea        0x2 00
 .text._Csys_alloc
                0x000051ec       0x20 d:/lpcxpresso/lpcxpresso/tools/bin/../lib/gcc/arm-none-eabi/4.6.2/../../../../arm-none-eabi/lib/armv7-m\libcr_c.a(alloc.o)
                0x000051ec                _Csys_alloc
 .text.fclose   0x0000520c       0x6c d:/lpcxpresso/lpcxpresso/tools/bin/../lib/gcc/arm-none-eabi/4.6.2/../../../../arm-none-eabi/lib/armv7-m\libcr_c.a(fclose.o)
                0x0000520c                fclose
 .text.fflush   0x00005278       0x34 d:/lpcxpresso/lpcxpresso/tools/bin/../lib/gcc/arm-none-eabi/4.6.2/../../../../arm-none-eabi/lib/armv7-m\libcr_c.a(fflush.o)
                0x00005278                fflush
 .text.fseek    0x000052ac      0x104 d:/lpcxpresso/lpcxpresso/tools/bin/../lib/gcc/arm-none-eabi/4.6.2/../../../../arm-none-eabi/lib/armv7-m\libcr_c.a(fseek.o)
                0x000052ac                fseek
 .text.ftell    0x000053b0       0x4c d:/lpcxpresso/lpcxpresso/tools/bin/../lib/gcc/arm-none-eabi/4.6.2/../../../../arm-none-eabi/lib/armv7-m\libcr_c.a(ftell.o)
                0x000053b0                ftell
 .text.remove   0x000053fc       0x14 d:/lpcxpresso/lpcxpresso/tools/bin/../lib/gcc/arm-none-eabi/4.6.2/../../../../arm-none-eabi/lib/armv7-m\libcr_c.a(remove.o)
                0x000053fc                remove
 .text._do_fflush
                0x00005410       0x42 d:/lpcxpresso/lpcxpresso/tools/bin/../lib/gcc/arm-none-eabi/4.6.2/../../../../arm-none-eabi/lib/armv7-m\libcr_c.a(_do_fflush.o)
                0x00005410                _do_fflush
 .text.__aeabi_division_uldivmod
                0x00005452      0x174 d:/lpcxpresso/lpcxpresso/tools/bin/../lib/gcc/arm-none-eabi/4.6.2/armv7-m\libcr_eabihelpers.a(division.o)
                0x00005452                __aeabi_uldivmod
                0x00005456                __bhs_ldivmod1
 .text.__aeabi_division_idiv0
                0x000055c6        0x2 d:/lpcxpresso/lpcxpresso/tools/bin/../lib/gcc/arm-none-eabi/4.6.2/armv7-m\libcr_eabihelpers.a(division.o)
                0x000055c6                __aeabi_idiv0
 .text.__aeabi_memcpy
                0x000055c8       0x26 d:/lpcxpresso/lpcxpresso/tools/bin/../lib/gcc/arm-none-eabi/4.6.2/armv7-m\libcr_eabihelpers.a(memcpy.o)
                0x000055c8                __aeabi_memcpy4
                0x000055c8                __aeabi_memcpy8
                0x000055c8                __aeabi_memcpy
 .text.__aeabi_memset_lowlevel
                0x000055ee       0x24 d:/lpcxpresso/lpcxpresso/tools/bin/../lib/gcc/arm-none-eabi/4.6.2/armv7-m\libcr_eabihelpers.a(memcpy.o)
                0x000055ee                __aeabi_lowlevel_memset
 *fill*         0x00005612        0x2 00
 .text.__sys_appexit
                0x00005614        0xc d:/lpcxpresso/lpcxpresso/tools/bin/../lib/gcc/arm-none-eabi/4.6.2/../../../../arm-none-eabi/lib/armv7-m\libcr_semihost.a(__sys_appexit.o)
                0x00005614                __sys_appexit
                0x00005614                __exit
 .text.__sys_close
                0x00005620        0xc d:/lpcxpresso/lpcxpresso/tools/bin/../lib/gcc/arm-none-eabi/4.6.2/../../../../arm-none-eabi/lib/armv7-m\libcr_semihost.a(__sys_close.o)
                0x00005620                __sys_close
 .text.__sys_flen
                0x0000562c        0xc d:/lpcxpresso/lpcxpresso/tools/bin/../lib/gcc/arm-none-eabi/4.6.2/../../../../arm-none-eabi/lib/armv7-m\libcr_semihost.a(__sys_flen.o)
                0x0000562c                __sys_flen
 .text.__sys_istty
                0x00005638        0xc d:/lpcxpresso/lpcxpresso/tools/bin/../lib/gcc/arm-none-eabi/4.6.2/../../../../arm-none-eabi/lib/armv7-m\libcr_semihost.a(__sys_istty.o)
                0x00005638                __sys_istty
 .text.__sys_remove
                0x00005644        0xc d:/lpcxpresso/lpcxpresso/tools/bin/../lib/gcc/arm-none-eabi/4.6.2/../../../../arm-none-eabi/lib/armv7-m\libcr_semihost.a(__sys_remove.o)
                0x00005644                __sys_remove
 .text.__sys_seek
                0x00005650        0xc d:/lpcxpresso/lpcxpresso/tools/bin/../lib/gcc/arm-none-eabi/4.6.2/../../../../arm-none-eabi/lib/armv7-m\libcr_semihost.a(__sys_seek.o)
                0x00005650                __sys_seek
 .text.__sys_tmpnam
                0x0000565c        0xc d:/lpcxpresso/lpcxpresso/tools/bin/../lib/gcc/arm-none-eabi/4.6.2/../../../../arm-none-eabi/lib/armv7-m\libcr_semihost.a(__sys_tmpnam.o)
                0x0000565c                __sys_tmpnam
 .text.__sys_write
                0x00005668        0xc d:/lpcxpresso/lpcxpresso/tools/bin/../lib/gcc/arm-none-eabi/4.6.2/../../../../arm-none-eabi/lib/armv7-m\libcr_semihost.a(__sys_write.o)
                0x00005668                __sys_write
                0x00005668                __write
 .text._sbrk    0x00005674       0x40 d:/lpcxpresso/lpcxpresso/tools/bin/../lib/gcc/arm-none-eabi/4.6.2/../../../../arm-none-eabi/lib/armv7-m\libcr_semihost.a(_cr_sbrk.o)
                0x00005674                _sbrk
 .text.__check_heap_overflow
                0x000056b4       0x2c d:/lpcxpresso/lpcxpresso/tools/bin/../lib/gcc/arm-none-eabi/4.6.2/../../../../arm-none-eabi/lib/armv7-m\libcr_semihost.a(_cr_check_heap.o)
                0x000056b4                __check_heap_overflow
 *(.rodata .rodata.*)
 .rodata        0x000056e0       0x20 ./stdPeriphLibs/lpc17xx_i2c.o
 .rodata        0x00005700       0x20 ./stdPeriphLibs/lpc17xx_rtc.o
 .rodata        0x00005720       0x24 ./stdPeriphLibs/lpc17xx_timer.o
 .rodata        0x00005744       0x20 ./stdPeriphLibs/lpc17xx_uart.o
 .rodata        0x00005764      0x1a8 ./src/gsmModule/gsmModule.o
 .rodata.str1.1
                0x0000590c        0x4 d:/lpcxpresso/lpcxpresso/tools/bin/../lib/gcc/arm-none-eabi/4.6.2/../../../../arm-none-eabi/lib/armv7-m\libcr_c.a(initio.o)
 .rodata.str1.1
                0x00005910       0x18 d:/lpcxpresso/lpcxpresso/tools/bin/../lib/gcc/arm-none-eabi/4.6.2/../../../../arm-none-eabi/lib/armv7-m\libcr_c.a(alloc.o)
 .rodata.__ctype
                0x00005928      0x180 d:/lpcxpresso/lpcxpresso/tools/bin/../lib/gcc/arm-none-eabi/4.6.2/../../../../arm-none-eabi/lib/armv7-m\libcr_c.a(ctype.o)
                0x00005928                __ctype
                0x00005aa8                . = ALIGN (0x4)

.glue_7         0x00005aa8        0x0
 .glue_7        0x00000000        0x0 linker stubs

.glue_7t        0x00005aa8        0x0
 .glue_7t       0x00000000        0x0 linker stubs

.vfp11_veneer   0x00005aa8        0x0
 .vfp11_veneer  0x00000000        0x0 linker stubs

.v4_bx          0x00005aa8        0x0
 .v4_bx         0x00000000        0x0 linker stubs

.ARM.extab
 *(.ARM.extab* .gnu.linkonce.armextab.*)
                0x00005aa8                __exidx_start = .

.ARM.exidx
 *(.ARM.exidx* .gnu.linkonce.armexidx.*)
                0x00005aa8                __exidx_end = .
                0x00005aa8                _etext = .

.data_RAM2      0x2007c000        0x0 load address 0x00005aa8
 FILL mask 0xff
 *(.data.$RAM2*)
 *(.data.$RamAHB16*)
                0x2007c000                . = ALIGN (0x4)

.uninit_RESERVED
                0x10000000        0x0
 *(.bss.$RESERVED*)
                0x10000000                . = ALIGN (0x4)
                0x10000000                _end_uninit_RESERVED = .

.data           0x10000000       0x18 load address 0x00005aa8
 FILL mask 0xff
                0x10000000                _data = .
 *(vtable)
 *(.data*)
 .data.SystemCoreClock
                0x10000000        0x4 ./stdPeriphLibs/system_LPC17xx.o
                0x10000000                SystemCoreClock
 .data.UARTx    0x10000004        0x4 ./src/gsmModule/gsmModule.o
 .data.UARTx    0x10000008        0x4 ./src/gpsModule/gpsModule.o
 .data.xNextTaskUnblockTime
                0x1000000c        0x4 ./FreeRTOS_src/tasks.o
 .data.uxPreviousTask
                0x10000010        0x4 ./FreeRTOS_src/tasks.o
 .data.uxCriticalNesting
                0x10000014        0x4 ./FreeRTOS_portable/port.o
                0x10000018                . = ALIGN (0x4)
                0x10000018                _edata = .

.bss_RAM2       0x2007c000        0x0
 *(.bss.$RAM2*)
 *(.bss.$RamAHB16*)
                0x2007c000                . = ALIGN (0x4)

.bss            0x10000018      0x434
                0x10000018                _bss = .
 *(.bss*)
 .bss.i2cdat    0x10000018       0x18 ./stdPeriphLibs/lpc17xx_i2c.o
 .bss.I2C_RxBuffer
                0x10000030       0x10 ./src/userInterface/qTouch.o
 .bss.I2C_TxBuffer
                0x10000040       0x10 ./src/userInterface/qTouch.o
 .bss.GSM_RxBuff
                0x10000050       0xc8 ./src/gsmModule/gsmModule.o
 .bss.GSM_TimeBuff
                0x10000118       0x28 ./src/gsmModule/gsmModule.o
 .bss.GSM_ServerConf
                0x10000140       0x28 ./src/gsmModule/gsmModule.o
 .bss.iter      0x10000168        0x4 ./src/gsmModule/gsmModule.o
 .bss.promptReceived
                0x1000016c        0x1 ./src/gsmModule/gsmModule.o
 .bss.recentServerResponseFlag
                0x1000016d        0x1 ./src/gsmModule/gsmModule.o
                0x1000016d                recentServerResponseFlag
 .bss.dataCounter
                0x1000016e        0x1 ./src/gpsModule/gpsModule.o
 .bss.receivingGpsFrame
                0x1000016f        0x1 ./src/gpsModule/gpsModule.o
 .bss.gpsRxBuffer
                0x10000170       0x64 ./src/gpsModule/gpsModule.o
 .bss.delayTimeFlag
                0x100001d4        0x1 ./src/commonFunctions.o
                0x100001d4                delayTimeFlag
 *fill*         0x100001d5        0x3 00
 .bss.pxCurrentTCB
                0x100001d8        0x4 ./FreeRTOS_src/tasks.o
                0x100001d8                pxCurrentTCB
 .bss.pxReadyTasksLists
                0x100001dc       0x64 ./FreeRTOS_src/tasks.o
 .bss.pxDelayedTaskList
                0x10000240        0x4 ./FreeRTOS_src/tasks.o
 .bss.pxOverflowDelayedTaskList
                0x10000244        0x4 ./FreeRTOS_src/tasks.o
 .bss.xPendingReadyList
                0x10000248       0x14 ./FreeRTOS_src/tasks.o
 .bss.xSuspendedTaskList
                0x1000025c       0x14 ./FreeRTOS_src/tasks.o
 .bss.uxCurrentNumberOfTasks
                0x10000270        0x4 ./FreeRTOS_src/tasks.o
 .bss.xTickCount
                0x10000274        0x4 ./FreeRTOS_src/tasks.o
 .bss.uxTopReadyPriority
                0x10000278        0x4 ./FreeRTOS_src/tasks.o
 .bss.uxSchedulerSuspended
                0x1000027c        0x4 ./FreeRTOS_src/tasks.o
 .bss.uxMissedTicks
                0x10000280        0x4 ./FreeRTOS_src/tasks.o
 .bss.xMissedYield
                0x10000284        0x4 ./FreeRTOS_src/tasks.o
 .bss.xNumOfOverflows
                0x10000288        0x4 ./FreeRTOS_src/tasks.o
 .bss.pcTraceBuffer
                0x1000028c        0x4 ./FreeRTOS_src/tasks.o
 .bss.pcTraceBufferEnd
                0x10000290        0x4 ./FreeRTOS_src/tasks.o
 .bss.xTracing  0x10000294        0x4 ./FreeRTOS_src/tasks.o
 .bss.errno     0x10000298        0x4 d:/lpcxpresso/lpcxpresso/tools/bin/../lib/gcc/arm-none-eabi/4.6.2/../../../../arm-none-eabi/lib/armv7-m\libcr_c.a(errno.o)
                0x10000298                errno
 *(COMMON)
 *fill*         0x1000029c        0x4 00
 COMMON         0x100002a0       0x48 ./src/tasks/taskGpsLocalization.o
                0x100002a0                lastReceivedGgaMessage
                0x100002e0                xSemaphoreGPS
                0x100002e4                xGpsTaskHandle
 COMMON         0x100002e8       0x18 ./src/gsmModule/gsmModule.o
                0x100002e8                ATV_responseData
 COMMON         0x10000300        0x4 d:/lpcxpresso/lpcxpresso/tools/bin/../lib/gcc/arm-none-eabi/4.6.2/../../../../arm-none-eabi/lib/armv7-m\libcr_c.a(initio.o)
                0x10000300                _extra
 COMMON         0x10000304      0x140 d:/lpcxpresso/lpcxpresso/tools/bin/../lib/gcc/arm-none-eabi/4.6.2/../../../../arm-none-eabi/lib/armv7-m\libcr_c.a(stdio.o)
                0x10000304                __Ciob
 COMMON         0x10000444        0x8 d:/lpcxpresso/lpcxpresso/tools/bin/../lib/gcc/arm-none-eabi/4.6.2/../../../../arm-none-eabi/lib/armv7-m\libcr_c.a(__init_alloc.o)
                0x10000444                __heaps
                0x10000448                __end_of_heap
                0x1000044c                . = ALIGN (0x4)
                0x1000044c                _ebss = .
                0x1000044c                PROVIDE (end, .)

.noinit_RAM2    0x2007c000        0x0
 *(.noinit.$RAM2*)
 *(.noinit.$RamAHB16*)
                0x2007c000                . = ALIGN (0x4)

.noinit         0x1000044c        0x0
                0x1000044c                _noinit = .
 *(.noinit*)
                0x1000044c                . = ALIGN (0x4)
                0x1000044c                _end_noinit = .
                0x1000044c                PROVIDE (_pvHeapStart, .)
                0x10004000                PROVIDE (_vStackTop, (__top_RamLoc16 - 0x0))
OUTPUT(sensorBox.axf elf32-littlearm)

.debug_info     0x00000000    0x1160a
 .debug_info    0x00000000       0x70 ./stdPeriphLibs/core_cm3.o
 .debug_info    0x00000070      0x617 ./stdPeriphLibs/lpc17xx_adc.o
 .debug_info    0x00000687      0x6d7 ./stdPeriphLibs/lpc17xx_clkpwr.o
 .debug_info    0x00000d5e      0x290 ./stdPeriphLibs/lpc17xx_dac.o
 .debug_info    0x00000fee      0x4e1 ./stdPeriphLibs/lpc17xx_exti.o
 .debug_info    0x000014cf      0xd3e ./stdPeriphLibs/lpc17xx_gpdma.o
 .debug_info    0x0000220d      0xe2d ./stdPeriphLibs/lpc17xx_gpio.o
 .debug_info    0x0000303a      0xdb0 ./stdPeriphLibs/lpc17xx_i2c.o
 .debug_info    0x00003dea      0x921 ./stdPeriphLibs/lpc17xx_i2s.o
 .debug_info    0x0000470b       0xcd ./stdPeriphLibs/lpc17xx_libcfg_default.o
 .debug_info    0x000047d8      0x417 ./stdPeriphLibs/lpc17xx_nvic.o
 .debug_info    0x00004bef      0x4b9 ./stdPeriphLibs/lpc17xx_pinsel.o
 .debug_info    0x000050a8      0x82d ./stdPeriphLibs/lpc17xx_pwm.o
 .debug_info    0x000058d5      0x2c6 ./stdPeriphLibs/lpc17xx_rit.o
 .debug_info    0x00005b9b      0xa1e ./stdPeriphLibs/lpc17xx_rtc.o
 .debug_info    0x000065b9      0x5cf ./stdPeriphLibs/lpc17xx_spi.o
 .debug_info    0x00006b88      0x785 ./stdPeriphLibs/lpc17xx_ssp.o
 .debug_info    0x0000730d      0x260 ./stdPeriphLibs/lpc17xx_systick.o
 .debug_info    0x0000756d      0x891 ./stdPeriphLibs/lpc17xx_timer.o
 .debug_info    0x00007dfe     0x1151 ./stdPeriphLibs/lpc17xx_uart.o
 .debug_info    0x00008f4f      0x37a ./stdPeriphLibs/lpc17xx_wdt.o
 .debug_info    0x000092c9      0x390 ./stdPeriphLibs/system_LPC17xx.o
 .debug_info    0x00009659      0x3cf ./src/userInterface/displayDriver.o
 .debug_info    0x00009a28      0xad8 ./src/userInterface/qTouch.o
 .debug_info    0x0000a500      0x5a3 ./src/userInterface/realTimeClock.o
 .debug_info    0x0000aaa3       0x58 ./src/tasks/idleTask.o
 .debug_info    0x0000aafb       0x29 ./src/tasks/measurementsTask.o
 .debug_info    0x0000ab24      0x772 ./src/tasks/taskGpsLocalization.o
 .debug_info    0x0000b296       0xf4 ./src/tasks/taskLedBlinking.o
 .debug_info    0x0000b38a       0xd1 ./src/tasks/userTask.o
 .debug_info    0x0000b45b      0x35e ./src/sensorsMenagement/DS18B20.o
 .debug_info    0x0000b7b9      0x4c6 ./src/sensorsMenagement/SHT21.o
 .debug_info    0x0000bc7f      0x160 ./src/sensorsMenagement/sensorControl.o
 .debug_info    0x0000bddf      0x3e3 ./src/powerManagement/poweMenagement.o
 .debug_info    0x0000c1c2     0x13b2 ./src/gsmModule/gsmModule.o
 .debug_info    0x0000d574      0xa8c ./src/gpsModule/gpsModule.o
 .debug_info    0x0000e000      0xad3 ./src/commonFunctions.o
 .debug_info    0x0000ead3      0x18f ./src/cr_startup_lpc17.o
 .debug_info    0x0000ec62      0x3a2 ./src/main.o
 .debug_info    0x0000f004      0x4da ./FreeRTOS_src/croutine.o
 .debug_info    0x0000f4de      0x2ae ./FreeRTOS_src/list.o
 .debug_info    0x0000f78c      0x91e ./FreeRTOS_src/queue.o
 .debug_info    0x000100aa     0x100e ./FreeRTOS_src/tasks.o
 .debug_info    0x000110b8       0x77 ./FreeRTOS_src/timers.o
 .debug_info    0x0001112f      0x2b4 ./FreeRTOS_portable/MemMang/heap_2.o
 .debug_info    0x000113e3      0x227 ./FreeRTOS_portable/port.o

.debug_abbrev   0x00000000     0x3a2c
 .debug_abbrev  0x00000000       0x2c ./stdPeriphLibs/core_cm3.o
 .debug_abbrev  0x0000002c      0x13f ./stdPeriphLibs/lpc17xx_adc.o
 .debug_abbrev  0x0000016b      0x197 ./stdPeriphLibs/lpc17xx_clkpwr.o
 .debug_abbrev  0x00000302       0xec ./stdPeriphLibs/lpc17xx_dac.o
 .debug_abbrev  0x000003ee       0xfe ./stdPeriphLibs/lpc17xx_exti.o
 .debug_abbrev  0x000004ec      0x1c5 ./stdPeriphLibs/lpc17xx_gpdma.o
 .debug_abbrev  0x000006b1      0x1cb ./stdPeriphLibs/lpc17xx_gpio.o
 .debug_abbrev  0x0000087c      0x216 ./stdPeriphLibs/lpc17xx_i2c.o
 .debug_abbrev  0x00000a92      0x185 ./stdPeriphLibs/lpc17xx_i2s.o
 .debug_abbrev  0x00000c17       0x6a ./stdPeriphLibs/lpc17xx_libcfg_default.o
 .debug_abbrev  0x00000c81      0x10d ./stdPeriphLibs/lpc17xx_nvic.o
 .debug_abbrev  0x00000d8e      0x11f ./stdPeriphLibs/lpc17xx_pinsel.o
 .debug_abbrev  0x00000ead      0x189 ./stdPeriphLibs/lpc17xx_pwm.o
 .debug_abbrev  0x00001036      0x104 ./stdPeriphLibs/lpc17xx_rit.o
 .debug_abbrev  0x0000113a      0x16b ./stdPeriphLibs/lpc17xx_rtc.o
 .debug_abbrev  0x000012a5      0x17c ./stdPeriphLibs/lpc17xx_spi.o
 .debug_abbrev  0x00001421      0x19d ./stdPeriphLibs/lpc17xx_ssp.o
 .debug_abbrev  0x000015be      0x11a ./stdPeriphLibs/lpc17xx_systick.o
 .debug_abbrev  0x000016d8      0x1b6 ./stdPeriphLibs/lpc17xx_timer.o
 .debug_abbrev  0x0000188e      0x1d0 ./stdPeriphLibs/lpc17xx_uart.o
 .debug_abbrev  0x00001a5e      0x15b ./stdPeriphLibs/lpc17xx_wdt.o
 .debug_abbrev  0x00001bb9       0xce ./stdPeriphLibs/system_LPC17xx.o
 .debug_abbrev  0x00001c87      0x153 ./src/userInterface/displayDriver.o
 .debug_abbrev  0x00001dda      0x232 ./src/userInterface/qTouch.o
 .debug_abbrev  0x0000200c      0x163 ./src/userInterface/realTimeClock.o
 .debug_abbrev  0x0000216f       0x45 ./src/tasks/idleTask.o
 .debug_abbrev  0x000021b4       0x16 ./src/tasks/measurementsTask.o
 .debug_abbrev  0x000021ca      0x203 ./src/tasks/taskGpsLocalization.o
 .debug_abbrev  0x000023cd       0x8f ./src/tasks/taskLedBlinking.o
 .debug_abbrev  0x0000245c       0x77 ./src/tasks/userTask.o
 .debug_abbrev  0x000024d3      0x124 ./src/sensorsMenagement/DS18B20.o
 .debug_abbrev  0x000025f7      0x156 ./src/sensorsMenagement/SHT21.o
 .debug_abbrev  0x0000274d       0xb7 ./src/sensorsMenagement/sensorControl.o
 .debug_abbrev  0x00002804      0x160 ./src/powerManagement/poweMenagement.o
 .debug_abbrev  0x00002964      0x2eb ./src/gsmModule/gsmModule.o
 .debug_abbrev  0x00002c4f      0x252 ./src/gpsModule/gpsModule.o
 .debug_abbrev  0x00002ea1      0x1e8 ./src/commonFunctions.o
 .debug_abbrev  0x00003089       0xa9 ./src/cr_startup_lpc17.o
 .debug_abbrev  0x00003132      0x101 ./src/main.o
 .debug_abbrev  0x00003233      0x18a ./FreeRTOS_src/croutine.o
 .debug_abbrev  0x000033bd       0xba ./FreeRTOS_src/list.o
 .debug_abbrev  0x00003477      0x170 ./FreeRTOS_src/queue.o
 .debug_abbrev  0x000035e7      0x184 ./FreeRTOS_src/tasks.o
 .debug_abbrev  0x0000376b       0x2c ./FreeRTOS_src/timers.o
 .debug_abbrev  0x00003797      0x160 ./FreeRTOS_portable/MemMang/heap_2.o
 .debug_abbrev  0x000038f7      0x135 ./FreeRTOS_portable/port.o

.debug_line     0x00000000     0xe506
 .debug_line    0x00000000      0x2bc ./stdPeriphLibs/core_cm3.o
 .debug_line    0x000002bc      0x566 ./stdPeriphLibs/lpc17xx_adc.o
 .debug_line    0x00000822      0x42b ./stdPeriphLibs/lpc17xx_clkpwr.o
 .debug_line    0x00000c4d      0x3fe ./stdPeriphLibs/lpc17xx_dac.o
 .debug_line    0x0000104b      0x3c8 ./stdPeriphLibs/lpc17xx_exti.o
 .debug_line    0x00001413      0x4c0 ./stdPeriphLibs/lpc17xx_gpdma.o
 .debug_line    0x000018d3      0x608 ./stdPeriphLibs/lpc17xx_gpio.o
 .debug_line    0x00001edb      0x871 ./stdPeriphLibs/lpc17xx_i2c.o
 .debug_line    0x0000274c      0x773 ./stdPeriphLibs/lpc17xx_i2s.o
 .debug_line    0x00002ebf      0x309 ./stdPeriphLibs/lpc17xx_libcfg_default.o
 .debug_line    0x000031c8      0x397 ./stdPeriphLibs/lpc17xx_nvic.o
 .debug_line    0x0000355f      0x3c3 ./stdPeriphLibs/lpc17xx_pinsel.o
 .debug_line    0x00003922      0x6ef ./stdPeriphLibs/lpc17xx_pwm.o
 .debug_line    0x00004011      0x444 ./stdPeriphLibs/lpc17xx_rit.o
 .debug_line    0x00004455      0x7f9 ./stdPeriphLibs/lpc17xx_rtc.o
 .debug_line    0x00004c4e      0x54c ./stdPeriphLibs/lpc17xx_spi.o
 .debug_line    0x0000519a      0x6f9 ./stdPeriphLibs/lpc17xx_ssp.o
 .debug_line    0x00005893      0x41a ./stdPeriphLibs/lpc17xx_systick.o
 .debug_line    0x00005cad      0x6f4 ./stdPeriphLibs/lpc17xx_timer.o
 .debug_line    0x000063a1      0xa64 ./stdPeriphLibs/lpc17xx_uart.o
 .debug_line    0x00006e05      0x47b ./stdPeriphLibs/lpc17xx_wdt.o
 .debug_line    0x00007280      0x3a6 ./stdPeriphLibs/system_LPC17xx.o
 .debug_line    0x00007626      0x4e9 ./src/userInterface/displayDriver.o
 .debug_line    0x00007b0f      0x600 ./src/userInterface/qTouch.o
 .debug_line    0x0000810f      0x3b8 ./src/userInterface/realTimeClock.o
 .debug_line    0x000084c7       0x4a ./src/tasks/idleTask.o
 .debug_line    0x00008511       0x40 ./src/tasks/measurementsTask.o
 .debug_line    0x00008551      0x528 ./src/tasks/taskGpsLocalization.o
 .debug_line    0x00008a79      0x453 ./src/tasks/taskLedBlinking.o
 .debug_line    0x00008ecc      0x3d5 ./src/tasks/userTask.o
 .debug_line    0x000092a1      0x522 ./src/sensorsMenagement/DS18B20.o
 .debug_line    0x000097c3      0x42c ./src/sensorsMenagement/SHT21.o
 .debug_line    0x00009bef      0x3d5 ./src/sensorsMenagement/sensorControl.o
 .debug_line    0x00009fc4      0x461 ./src/powerManagement/poweMenagement.o
 .debug_line    0x0000a425      0x7df ./src/gsmModule/gsmModule.o
 .debug_line    0x0000ac04      0x657 ./src/gpsModule/gpsModule.o
 .debug_line    0x0000b25b      0x444 ./src/commonFunctions.o
 .debug_line    0x0000b69f       0xf2 ./src/cr_startup_lpc17.o
 .debug_line    0x0000b791      0x6b0 ./src/main.o
 .debug_line    0x0000be41      0x4fc ./FreeRTOS_src/croutine.o
 .debug_line    0x0000c33d      0x43c ./FreeRTOS_src/list.o
 .debug_line    0x0000c779      0x6b2 ./FreeRTOS_src/queue.o
 .debug_line    0x0000ce2b      0xa2a ./FreeRTOS_src/tasks.o
 .debug_line    0x0000d855      0x3c3 ./FreeRTOS_src/timers.o
 .debug_line    0x0000dc18      0x479 ./FreeRTOS_portable/MemMang/heap_2.o
 .debug_line    0x0000e091      0x475 ./FreeRTOS_portable/port.o

.debug_macinfo  0x00000000   0x18c838
 .debug_macinfo
                0x00000000     0x3d00 ./stdPeriphLibs/core_cm3.o
 .debug_macinfo
                0x00003d00     0xa10a ./stdPeriphLibs/lpc17xx_adc.o
 .debug_macinfo
                0x0000de0a     0x97c5 ./stdPeriphLibs/lpc17xx_clkpwr.o
 .debug_macinfo
                0x000175cf     0x9b26 ./stdPeriphLibs/lpc17xx_dac.o
 .debug_macinfo
                0x000210f5     0x86b6 ./stdPeriphLibs/lpc17xx_exti.o
 .debug_macinfo
                0x000297ab     0xad3a ./stdPeriphLibs/lpc17xx_gpdma.o
 .debug_macinfo
                0x000344e5     0x8884 ./stdPeriphLibs/lpc17xx_gpio.o
 .debug_macinfo
                0x0003cd69     0xa79c ./stdPeriphLibs/lpc17xx_i2c.o
 .debug_macinfo
                0x00047505     0xa816 ./stdPeriphLibs/lpc17xx_i2s.o
 .debug_macinfo
                0x00051d1b     0x4040 ./stdPeriphLibs/lpc17xx_libcfg_default.o
 .debug_macinfo
                0x00055d5b     0x84c2 ./stdPeriphLibs/lpc17xx_nvic.o
 .debug_macinfo
                0x0005e21d     0x89a2 ./stdPeriphLibs/lpc17xx_pinsel.o
 .debug_macinfo
                0x00066bbf     0xa24d ./stdPeriphLibs/lpc17xx_pwm.o
 .debug_macinfo
                0x00070e0c     0x9a4d ./stdPeriphLibs/lpc17xx_rit.o
 .debug_macinfo
                0x0007a859     0xa21f ./stdPeriphLibs/lpc17xx_rtc.o
 .debug_macinfo
                0x00084a78     0xa3d8 ./stdPeriphLibs/lpc17xx_spi.o
 .debug_macinfo
                0x0008ee50     0xaa8d ./stdPeriphLibs/lpc17xx_ssp.o
 .debug_macinfo
                0x000998dd     0x9b40 ./stdPeriphLibs/lpc17xx_systick.o
 .debug_macinfo
                0x000a341d     0xa69b ./stdPeriphLibs/lpc17xx_timer.o
 .debug_macinfo
                0x000adab8     0xb218 ./stdPeriphLibs/lpc17xx_uart.o
 .debug_macinfo
                0x000b8cd0     0xa183 ./stdPeriphLibs/lpc17xx_wdt.o
 .debug_macinfo
                0x000c2e53     0x8595 ./stdPeriphLibs/system_LPC17xx.o
 .debug_macinfo
                0x000cb3e8     0xb379 ./src/userInterface/displayDriver.o
 .debug_macinfo
                0x000d6761     0xa7ad ./src/userInterface/qTouch.o
 .debug_macinfo
                0x000e0f0e     0x8e04 ./src/userInterface/realTimeClock.o
 .debug_macinfo
                0x000e9d12     0x22bf ./src/tasks/idleTask.o
 .debug_macinfo
                0x000ebfd1     0x22bf ./src/tasks/measurementsTask.o
 .debug_macinfo
                0x000ee290     0xc7c5 ./src/tasks/taskGpsLocalization.o
 .debug_macinfo
                0x000faa55     0xb0fe ./src/tasks/taskLedBlinking.o
 .debug_macinfo
                0x00105b53     0x5fab ./src/tasks/userTask.o
 .debug_macinfo
                0x0010bafe     0x8c85 ./src/sensorsMenagement/DS18B20.o
 .debug_macinfo
                0x00114783     0x9569 ./src/sensorsMenagement/SHT21.o
 .debug_macinfo
                0x0011dcec     0x8982 ./src/sensorsMenagement/sensorControl.o
 .debug_macinfo
                0x0012666e     0x9638 ./src/powerManagement/poweMenagement.o
 .debug_macinfo
                0x0012fca6     0xb149 ./src/gsmModule/gsmModule.o
 .debug_macinfo
                0x0013adef     0xd295 ./src/gpsModule/gpsModule.o
 .debug_macinfo
                0x00148084     0xa58e ./src/commonFunctions.o
 .debug_macinfo
                0x00152612     0x230b ./src/cr_startup_lpc17.o
 .debug_macinfo
                0x0015491d     0xd6a8 ./src/main.o
 .debug_macinfo
                0x00161fc5     0x6131 ./FreeRTOS_src/croutine.o
 .debug_macinfo
                0x001680f6     0x574b ./FreeRTOS_src/list.o
 .debug_macinfo
                0x0016d841     0x63d7 ./FreeRTOS_src/queue.o
 .debug_macinfo
                0x00173c18     0x6aa0 ./FreeRTOS_src/tasks.o
 .debug_macinfo
                0x0017a6b8     0x6722 ./FreeRTOS_src/timers.o
 .debug_macinfo
                0x00180dda     0x5dfa ./FreeRTOS_portable/MemMang/heap_2.o
 .debug_macinfo
                0x00186bd4     0x5c64 ./FreeRTOS_portable/port.o

.debug_str      0x00000000     0x598e
 .debug_str     0x00000000       0xe4 ./stdPeriphLibs/core_cm3.o
                                0x106 (size before relaxing)
 .debug_str     0x000000e4      0x3bb ./stdPeriphLibs/lpc17xx_adc.o
                                0x4cd (size before relaxing)
 .debug_str     0x0000049f      0x26e ./stdPeriphLibs/lpc17xx_clkpwr.o
                                0x3ba (size before relaxing)
 .debug_str     0x0000070d      0x138 ./stdPeriphLibs/lpc17xx_dac.o
                                0x256 (size before relaxing)
 .debug_str     0x00000845      0x199 ./stdPeriphLibs/lpc17xx_exti.o
                                0x3fe (size before relaxing)
 .debug_str     0x000009de      0x478 ./stdPeriphLibs/lpc17xx_gpdma.o
                                0x6c3 (size before relaxing)
 .debug_str     0x00000e56      0x42e ./stdPeriphLibs/lpc17xx_gpio.o
                                0x57f (size before relaxing)
 .debug_str     0x00001284      0x6ce ./stdPeriphLibs/lpc17xx_i2c.o
                                0x87a (size before relaxing)
 .debug_str     0x00001952      0x219 ./stdPeriphLibs/lpc17xx_i2s.o
                                0x43e (size before relaxing)
 .debug_str     0x00001b6b       0x41 ./stdPeriphLibs/lpc17xx_libcfg_default.o
                                0x141 (size before relaxing)
 .debug_str     0x00001bac       0x4f ./stdPeriphLibs/lpc17xx_nvic.o
                                0x215 (size before relaxing)
 .debug_str     0x00001bfb      0x24c ./stdPeriphLibs/lpc17xx_pinsel.o
                                0x393 (size before relaxing)
 .debug_str     0x00001e47      0x449 ./stdPeriphLibs/lpc17xx_pwm.o
                                0x5cc (size before relaxing)
 .debug_str     0x00002290       0xcf ./stdPeriphLibs/lpc17xx_rit.o
                                0x226 (size before relaxing)
 .debug_str     0x0000235f      0x3ad ./stdPeriphLibs/lpc17xx_rtc.o
                                0x5a9 (size before relaxing)
 .debug_str     0x0000270c      0x217 ./stdPeriphLibs/lpc17xx_spi.o
                                0x3c6 (size before relaxing)
 .debug_str     0x00002923      0x1fb ./stdPeriphLibs/lpc17xx_ssp.o
                                0x421 (size before relaxing)
 .debug_str     0x00002b1e       0xc9 ./stdPeriphLibs/lpc17xx_systick.o
                                0x220 (size before relaxing)
 .debug_str     0x00002be7      0x34b ./stdPeriphLibs/lpc17xx_timer.o
                                0x5c1 (size before relaxing)
 .debug_str     0x00002f32      0x917 ./stdPeriphLibs/lpc17xx_uart.o
                                0xb6c (size before relaxing)
 .debug_str     0x00003849      0x175 ./stdPeriphLibs/lpc17xx_wdt.o
                                0x2dd (size before relaxing)
 .debug_str     0x000039be       0x43 ./stdPeriphLibs/system_LPC17xx.o
                                0x2a5 (size before relaxing)
 .debug_str     0x00003a01       0xd0 ./src/userInterface/displayDriver.o
                                0x303 (size before relaxing)
 .debug_str     0x00003ad1      0x199 ./src/userInterface/qTouch.o
                                0x842 (size before relaxing)
 .debug_str     0x00003c6a       0x6c ./src/userInterface/realTimeClock.o
                                0x3e1 (size before relaxing)
 .debug_str     0x00003cd6       0x25 ./src/tasks/idleTask.o
                                 0xa0 (size before relaxing)
 .debug_str     0x00003cfb       0x20 ./src/tasks/measurementsTask.o
                                 0x91 (size before relaxing)
 .debug_str     0x00003d1b      0x196 ./src/tasks/taskGpsLocalization.o
                                0x58d (size before relaxing)
 .debug_str     0x00003eb1       0x2f ./src/tasks/taskLedBlinking.o
                                0x15f (size before relaxing)
 .debug_str     0x00003ee0       0x30 ./src/tasks/userTask.o
                                0x157 (size before relaxing)
 .debug_str     0x00003f10       0xe3 ./src/sensorsMenagement/DS18B20.o
                                0x26a (size before relaxing)
 .debug_str     0x00003ff3       0x91 ./src/sensorsMenagement/SHT21.o
                                0x38b (size before relaxing)
 .debug_str     0x00004084       0x77 ./src/sensorsMenagement/sensorControl.o
                                0x1b8 (size before relaxing)
 .debug_str     0x000040fb       0xe9 ./src/powerManagement/poweMenagement.o
                                0x3f0 (size before relaxing)
 .debug_str     0x000041e4      0x320 ./src/gsmModule/gsmModule.o
                                0xcb8 (size before relaxing)
 .debug_str     0x00004504       0xee ./src/gpsModule/gpsModule.o
                                0x8fc (size before relaxing)
 .debug_str     0x000045f2       0x83 ./src/commonFunctions.o
                                0x6aa (size before relaxing)
 .debug_str     0x00004675       0xc4 ./src/cr_startup_lpc17.o
                                0x15a (size before relaxing)
 .debug_str     0x00004739       0x6a ./src/main.o
                                0x331 (size before relaxing)
 .debug_str     0x000047a3      0x33e ./FreeRTOS_src/croutine.o
                                0x455 (size before relaxing)
 .debug_str     0x00004ae1       0xaa ./FreeRTOS_src/list.o
                                0x244 (size before relaxing)
 .debug_str     0x00004b8b      0x3fd ./FreeRTOS_src/queue.o
                                0x5d1 (size before relaxing)
 .debug_str     0x00004f88      0x774 ./FreeRTOS_src/tasks.o
                                0xa0f (size before relaxing)
 .debug_str     0x000056fc       0x19 ./FreeRTOS_src/timers.o
                                0x115 (size before relaxing)
 .debug_str     0x00005715      0x156 ./FreeRTOS_portable/MemMang/heap_2.o
                                0x264 (size before relaxing)
 .debug_str     0x0000586b      0x123 ./FreeRTOS_portable/port.o
                                0x26b (size before relaxing)

.comment        0x00000000       0xe0
 .comment       0x00000000       0x70 ./stdPeriphLibs/core_cm3.o
                                 0x71 (size before relaxing)
 .comment       0x00000000       0x71 ./stdPeriphLibs/lpc17xx_adc.o
 .comment       0x00000000       0x71 ./stdPeriphLibs/lpc17xx_clkpwr.o
 .comment       0x00000000       0x71 ./stdPeriphLibs/lpc17xx_dac.o
 .comment       0x00000000       0x71 ./stdPeriphLibs/lpc17xx_exti.o
 .comment       0x00000000       0x71 ./stdPeriphLibs/lpc17xx_gpdma.o
 .comment       0x00000000       0x71 ./stdPeriphLibs/lpc17xx_gpio.o
 .comment       0x00000000       0x71 ./stdPeriphLibs/lpc17xx_i2c.o
 .comment       0x00000000       0x71 ./stdPeriphLibs/lpc17xx_i2s.o
 .comment       0x00000000       0x71 ./stdPeriphLibs/lpc17xx_libcfg_default.o
 .comment       0x00000000       0x71 ./stdPeriphLibs/lpc17xx_nvic.o
 .comment       0x00000000       0x71 ./stdPeriphLibs/lpc17xx_pinsel.o
 .comment       0x00000000       0x71 ./stdPeriphLibs/lpc17xx_pwm.o
 .comment       0x00000000       0x71 ./stdPeriphLibs/lpc17xx_rit.o
 .comment       0x00000000       0x71 ./stdPeriphLibs/lpc17xx_rtc.o
 .comment       0x00000000       0x71 ./stdPeriphLibs/lpc17xx_spi.o
 .comment       0x00000000       0x71 ./stdPeriphLibs/lpc17xx_ssp.o
 .comment       0x00000000       0x71 ./stdPeriphLibs/lpc17xx_systick.o
 .comment       0x00000000       0x71 ./stdPeriphLibs/lpc17xx_timer.o
 .comment       0x00000000       0x71 ./stdPeriphLibs/lpc17xx_uart.o
 .comment       0x00000000       0x71 ./stdPeriphLibs/lpc17xx_wdt.o
 .comment       0x00000000       0x71 ./stdPeriphLibs/system_LPC17xx.o
 .comment       0x00000000       0x71 ./src/userInterface/displayDriver.o
 .comment       0x00000000       0x71 ./src/userInterface/qTouch.o
 .comment       0x00000000       0x71 ./src/userInterface/realTimeClock.o
 .comment       0x00000000       0x71 ./src/tasks/idleTask.o
 .comment       0x00000000       0x71 ./src/tasks/measurementsTask.o
 .comment       0x00000000       0x71 ./src/tasks/taskGpsLocalization.o
 .comment       0x00000000       0x71 ./src/tasks/taskLedBlinking.o
 .comment       0x00000000       0x71 ./src/tasks/userTask.o
 .comment       0x00000000       0x71 ./src/sensorsMenagement/DS18B20.o
 .comment       0x00000000       0x71 ./src/sensorsMenagement/SHT21.o
 .comment       0x00000000       0x71 ./src/sensorsMenagement/sensorControl.o
 .comment       0x00000000       0x71 ./src/powerManagement/poweMenagement.o
 .comment       0x00000000       0x71 ./src/gsmModule/gsmModule.o
 .comment       0x00000000       0x71 ./src/gpsModule/gpsModule.o
 .comment       0x00000000       0x71 ./src/commonFunctions.o
 .comment       0x00000000       0x71 ./src/cr_startup_lpc17.o
 .comment       0x00000000       0x71 ./src/main.o
 .comment       0x00000000       0x71 ./FreeRTOS_src/croutine.o
 .comment       0x00000000       0x71 ./FreeRTOS_src/list.o
 .comment       0x00000000       0x71 ./FreeRTOS_src/queue.o
 .comment       0x00000000       0x71 ./FreeRTOS_src/tasks.o
 .comment       0x00000000       0x71 ./FreeRTOS_src/timers.o
 .comment       0x00000000       0x71 ./FreeRTOS_portable/MemMang/heap_2.o
 .comment       0x00000000       0x71 ./FreeRTOS_portable/port.o
 .comment       0x00000070       0x70 d:/lpcxpresso/lpcxpresso/tools/bin/../lib/gcc/arm-none-eabi/4.6.2/../../../../arm-none-eabi/lib/armv7-m\libcr_semihost.a(_cr__main.o)
                                 0x71 (size before relaxing)
 .comment       0x00000000       0x71 d:/lpcxpresso/lpcxpresso/tools/bin/../lib/gcc/arm-none-eabi/4.6.2/../../../../arm-none-eabi/lib/armv7-m\libcr_c.a(memcpy.o)
 .comment       0x00000000       0x71 d:/lpcxpresso/lpcxpresso/tools/bin/../lib/gcc/arm-none-eabi/4.6.2/../../../../arm-none-eabi/lib/armv7-m\libcr_c.a(memset.o)
 .comment       0x00000000       0x71 d:/lpcxpresso/lpcxpresso/tools/bin/../lib/gcc/arm-none-eabi/4.6.2/../../../../arm-none-eabi/lib/armv7-m\libcr_c.a(fpprintf.o)
 .comment       0x00000000       0x71 d:/lpcxpresso/lpcxpresso/tools/bin/../lib/gcc/arm-none-eabi/4.6.2/../../../../arm-none-eabi/lib/armv7-m\libcr_c.a(initio.o)
 .comment       0x00000000       0x71 d:/lpcxpresso/lpcxpresso/tools/bin/../lib/gcc/arm-none-eabi/4.6.2/../../../../arm-none-eabi/lib/armv7-m\libcr_c.a(printf.o)
 .comment       0x00000000       0x71 d:/lpcxpresso/lpcxpresso/tools/bin/../lib/gcc/arm-none-eabi/4.6.2/../../../../arm-none-eabi/lib/armv7-m\libcr_c.a(scanf.o)
 .comment       0x00000000       0x71 d:/lpcxpresso/lpcxpresso/tools/bin/../lib/gcc/arm-none-eabi/4.6.2/../../../../arm-none-eabi/lib/armv7-m\libcr_c.a(setvbuf.o)
 .comment       0x00000000       0x71 d:/lpcxpresso/lpcxpresso/tools/bin/../lib/gcc/arm-none-eabi/4.6.2/../../../../arm-none-eabi/lib/armv7-m\libcr_c.a(stdio.o)
 .comment       0x00000000       0x71 d:/lpcxpresso/lpcxpresso/tools/bin/../lib/gcc/arm-none-eabi/4.6.2/../../../../arm-none-eabi/lib/armv7-m\libcr_c.a(strcat.o)
 .comment       0x00000000       0x71 d:/lpcxpresso/lpcxpresso/tools/bin/../lib/gcc/arm-none-eabi/4.6.2/../../../../arm-none-eabi/lib/armv7-m\libcr_c.a(strcmp.o)
 .comment       0x00000000       0x71 d:/lpcxpresso/lpcxpresso/tools/bin/../lib/gcc/arm-none-eabi/4.6.2/../../../../arm-none-eabi/lib/armv7-m\libcr_c.a(strcpy.o)
 .comment       0x00000000       0x71 d:/lpcxpresso/lpcxpresso/tools/bin/../lib/gcc/arm-none-eabi/4.6.2/../../../../arm-none-eabi/lib/armv7-m\libcr_c.a(strlen.o)
 .comment       0x00000000       0x71 d:/lpcxpresso/lpcxpresso/tools/bin/../lib/gcc/arm-none-eabi/4.6.2/../../../../arm-none-eabi/lib/armv7-m\libcr_c.a(strncmp.o)
 .comment       0x00000000       0x71 d:/lpcxpresso/lpcxpresso/tools/bin/../lib/gcc/arm-none-eabi/4.6.2/../../../../arm-none-eabi/lib/armv7-m\libcr_c.a(strncpy.o)
 .comment       0x00000000       0x71 d:/lpcxpresso/lpcxpresso/tools/bin/../lib/gcc/arm-none-eabi/4.6.2/../../../../arm-none-eabi/lib/armv7-m\libcr_c.a(ungetc.o)
 .comment       0x00000000       0x71 d:/lpcxpresso/lpcxpresso/tools/bin/../lib/gcc/arm-none-eabi/4.6.2/../../../../arm-none-eabi/lib/armv7-m\libcr_c.a(__fillbuf.o)
 .comment       0x00000000       0x71 d:/lpcxpresso/lpcxpresso/tools/bin/../lib/gcc/arm-none-eabi/4.6.2/../../../../arm-none-eabi/lib/armv7-m\libcr_c.a(_deferredlazyseek.o)
 .comment       0x00000000       0x71 d:/lpcxpresso/lpcxpresso/tools/bin/../lib/gcc/arm-none-eabi/4.6.2/../../../../arm-none-eabi/lib/armv7-m\libcr_c.a(_fdopen.o)
 .comment       0x00000000       0x71 d:/lpcxpresso/lpcxpresso/tools/bin/../lib/gcc/arm-none-eabi/4.6.2/../../../../arm-none-eabi/lib/armv7-m\libcr_c.a(_fflush.o)
 .comment       0x00000000       0x71 d:/lpcxpresso/lpcxpresso/tools/bin/../lib/gcc/arm-none-eabi/4.6.2/../../../../arm-none-eabi/lib/armv7-m\libcr_c.a(_frexpl.o)
 .comment       0x00000000       0x71 d:/lpcxpresso/lpcxpresso/tools/bin/../lib/gcc/arm-none-eabi/4.6.2/../../../../arm-none-eabi/lib/armv7-m\libcr_c.a(_hugeval.o)
 .comment       0x00000000       0x71 d:/lpcxpresso/lpcxpresso/tools/bin/../lib/gcc/arm-none-eabi/4.6.2/../../../../arm-none-eabi/lib/armv7-m\libcr_c.a(_ldexpl.o)
 .comment       0x00000000       0x71 d:/lpcxpresso/lpcxpresso/tools/bin/../lib/gcc/arm-none-eabi/4.6.2/../../../../arm-none-eabi/lib/armv7-m\libcr_c.a(_writebuf.o)
 .comment       0x00000000       0x71 d:/lpcxpresso/lpcxpresso/tools/bin/../lib/gcc/arm-none-eabi/4.6.2/../../../../arm-none-eabi/lib/armv7-m\libcr_c.a(alloc.o)
 .comment       0x00000000       0x71 d:/lpcxpresso/lpcxpresso/tools/bin/../lib/gcc/arm-none-eabi/4.6.2/../../../../arm-none-eabi/lib/armv7-m\libcr_c.a(ctype.o)
 .comment       0x00000000       0x71 d:/lpcxpresso/lpcxpresso/tools/bin/../lib/gcc/arm-none-eabi/4.6.2/../../../../arm-none-eabi/lib/armv7-m\libcr_c.a(errno.o)
 .comment       0x00000000       0x71 d:/lpcxpresso/lpcxpresso/tools/bin/../lib/gcc/arm-none-eabi/4.6.2/../../../../arm-none-eabi/lib/armv7-m\libcr_c.a(fclose.o)
 .comment       0x00000000       0x71 d:/lpcxpresso/lpcxpresso/tools/bin/../lib/gcc/arm-none-eabi/4.6.2/../../../../arm-none-eabi/lib/armv7-m\libcr_c.a(fflush.o)
 .comment       0x00000000       0x71 d:/lpcxpresso/lpcxpresso/tools/bin/../lib/gcc/arm-none-eabi/4.6.2/../../../../arm-none-eabi/lib/armv7-m\libcr_c.a(fseek.o)
 .comment       0x00000000       0x71 d:/lpcxpresso/lpcxpresso/tools/bin/../lib/gcc/arm-none-eabi/4.6.2/../../../../arm-none-eabi/lib/armv7-m\libcr_c.a(ftell.o)
 .comment       0x00000000       0x71 d:/lpcxpresso/lpcxpresso/tools/bin/../lib/gcc/arm-none-eabi/4.6.2/../../../../arm-none-eabi/lib/armv7-m\libcr_c.a(remove.o)
 .comment       0x00000000       0x71 d:/lpcxpresso/lpcxpresso/tools/bin/../lib/gcc/arm-none-eabi/4.6.2/../../../../arm-none-eabi/lib/armv7-m\libcr_c.a(__init_alloc.o)
 .comment       0x00000000       0x71 d:/lpcxpresso/lpcxpresso/tools/bin/../lib/gcc/arm-none-eabi/4.6.2/../../../../arm-none-eabi/lib/armv7-m\libcr_c.a(_do_fflush.o)
 .comment       0x00000000       0x71 d:/lpcxpresso/lpcxpresso/tools/bin/../lib/gcc/arm-none-eabi/4.6.2/armv7-m\libcr_eabihelpers.a(double.o)
 .comment       0x00000000       0x71 d:/lpcxpresso/lpcxpresso/tools/bin/../lib/gcc/arm-none-eabi/4.6.2/armv7-m\libcr_eabihelpers.a(float.o)
 .comment       0x00000000       0x71 d:/lpcxpresso/lpcxpresso/tools/bin/../lib/gcc/arm-none-eabi/4.6.2/../../../../arm-none-eabi/lib/armv7-m\libcr_semihost.a(_cr_sbrk.o)
 .comment       0x00000000       0x71 d:/lpcxpresso/lpcxpresso/tools/bin/../lib/gcc/arm-none-eabi/4.6.2/../../../../arm-none-eabi/lib/armv7-m\libcr_semihost.a(_cr_check_heap.o)

.ARM.attributes
                0x00000000       0x31
 .ARM.attributes
                0x00000000       0x33 ./stdPeriphLibs/core_cm3.o
 .ARM.attributes
                0x00000033       0x33 ./stdPeriphLibs/lpc17xx_adc.o
 .ARM.attributes
                0x00000066       0x33 ./stdPeriphLibs/lpc17xx_clkpwr.o
 .ARM.attributes
                0x00000099       0x33 ./stdPeriphLibs/lpc17xx_dac.o
 .ARM.attributes
                0x000000cc       0x33 ./stdPeriphLibs/lpc17xx_exti.o
 .ARM.attributes
                0x000000ff       0x33 ./stdPeriphLibs/lpc17xx_gpdma.o
 .ARM.attributes
                0x00000132       0x33 ./stdPeriphLibs/lpc17xx_gpio.o
 .ARM.attributes
                0x00000165       0x33 ./stdPeriphLibs/lpc17xx_i2c.o
 .ARM.attributes
                0x00000198       0x33 ./stdPeriphLibs/lpc17xx_i2s.o
 .ARM.attributes
                0x000001cb       0x33 ./stdPeriphLibs/lpc17xx_libcfg_default.o
 .ARM.attributes
                0x000001fe       0x33 ./stdPeriphLibs/lpc17xx_nvic.o
 .ARM.attributes
                0x00000231       0x33 ./stdPeriphLibs/lpc17xx_pinsel.o
 .ARM.attributes
                0x00000264       0x33 ./stdPeriphLibs/lpc17xx_pwm.o
 .ARM.attributes
                0x00000297       0x33 ./stdPeriphLibs/lpc17xx_rit.o
 .ARM.attributes
                0x000002ca       0x33 ./stdPeriphLibs/lpc17xx_rtc.o
 .ARM.attributes
                0x000002fd       0x33 ./stdPeriphLibs/lpc17xx_spi.o
 .ARM.attributes
                0x00000330       0x33 ./stdPeriphLibs/lpc17xx_ssp.o
 .ARM.attributes
                0x00000363       0x33 ./stdPeriphLibs/lpc17xx_systick.o
 .ARM.attributes
                0x00000396       0x33 ./stdPeriphLibs/lpc17xx_timer.o
 .ARM.attributes
                0x000003c9       0x33 ./stdPeriphLibs/lpc17xx_uart.o
 .ARM.attributes
                0x000003fc       0x33 ./stdPeriphLibs/lpc17xx_wdt.o
 .ARM.attributes
                0x0000042f       0x33 ./stdPeriphLibs/system_LPC17xx.o
 .ARM.attributes
                0x00000462       0x33 ./src/userInterface/displayDriver.o
 .ARM.attributes
                0x00000495       0x33 ./src/userInterface/qTouch.o
 .ARM.attributes
                0x000004c8       0x33 ./src/userInterface/realTimeClock.o
 .ARM.attributes
                0x000004fb       0x33 ./src/tasks/idleTask.o
 .ARM.attributes
                0x0000052e       0x33 ./src/tasks/measurementsTask.o
 .ARM.attributes
                0x00000561       0x33 ./src/tasks/taskGpsLocalization.o
 .ARM.attributes
                0x00000594       0x33 ./src/tasks/taskLedBlinking.o
 .ARM.attributes
                0x000005c7       0x33 ./src/tasks/userTask.o
 .ARM.attributes
                0x000005fa       0x33 ./src/sensorsMenagement/DS18B20.o
 .ARM.attributes
                0x0000062d       0x33 ./src/sensorsMenagement/SHT21.o
 .ARM.attributes
                0x00000660       0x33 ./src/sensorsMenagement/sensorControl.o
 .ARM.attributes
                0x00000693       0x33 ./src/powerManagement/poweMenagement.o
 .ARM.attributes
                0x000006c6       0x33 ./src/gsmModule/gsmModule.o
 .ARM.attributes
                0x000006f9       0x33 ./src/gpsModule/gpsModule.o
 .ARM.attributes
                0x0000072c       0x33 ./src/commonFunctions.o
 .ARM.attributes
                0x0000075f       0x33 ./src/cr_startup_lpc17.o
 .ARM.attributes
                0x00000792       0x33 ./src/main.o
 .ARM.attributes
                0x000007c5       0x33 ./FreeRTOS_src/croutine.o
 .ARM.attributes
                0x000007f8       0x33 ./FreeRTOS_src/list.o
 .ARM.attributes
                0x0000082b       0x33 ./FreeRTOS_src/queue.o
 .ARM.attributes
                0x0000085e       0x33 ./FreeRTOS_src/tasks.o
 .ARM.attributes
                0x00000891       0x33 ./FreeRTOS_src/timers.o
 .ARM.attributes
                0x000008c4       0x33 ./FreeRTOS_portable/MemMang/heap_2.o
 .ARM.attributes
                0x000008f7       0x33 ./FreeRTOS_portable/port.o
 .ARM.attributes
                0x0000092a       0x33 d:/lpcxpresso/lpcxpresso/tools/bin/../lib/gcc/arm-none-eabi/4.6.2/../../../../arm-none-eabi/lib/armv7-m\libcr_semihost.a(_cr__main.o)
 .ARM.attributes
                0x0000095d       0x33 d:/lpcxpresso/lpcxpresso/tools/bin/../lib/gcc/arm-none-eabi/4.6.2/../../../../arm-none-eabi/lib/armv7-m\libcr_c.a(memcpy.o)
 .ARM.attributes
                0x00000990       0x33 d:/lpcxpresso/lpcxpresso/tools/bin/../lib/gcc/arm-none-eabi/4.6.2/../../../../arm-none-eabi/lib/armv7-m\libcr_c.a(memset.o)
 .ARM.attributes
                0x000009c3       0x33 d:/lpcxpresso/lpcxpresso/tools/bin/../lib/gcc/arm-none-eabi/4.6.2/../../../../arm-none-eabi/lib/armv7-m\libcr_c.a(fpprintf.o)
 .ARM.attributes
                0x000009f6       0x33 d:/lpcxpresso/lpcxpresso/tools/bin/../lib/gcc/arm-none-eabi/4.6.2/../../../../arm-none-eabi/lib/armv7-m\libcr_c.a(initio.o)
 .ARM.attributes
                0x00000a29       0x33 d:/lpcxpresso/lpcxpresso/tools/bin/../lib/gcc/arm-none-eabi/4.6.2/../../../../arm-none-eabi/lib/armv7-m\libcr_c.a(printf.o)
 .ARM.attributes
                0x00000a5c       0x33 d:/lpcxpresso/lpcxpresso/tools/bin/../lib/gcc/arm-none-eabi/4.6.2/../../../../arm-none-eabi/lib/armv7-m\libcr_c.a(scanf.o)
 .ARM.attributes
                0x00000a8f       0x33 d:/lpcxpresso/lpcxpresso/tools/bin/../lib/gcc/arm-none-eabi/4.6.2/../../../../arm-none-eabi/lib/armv7-m\libcr_c.a(setvbuf.o)
 .ARM.attributes
                0x00000ac2       0x33 d:/lpcxpresso/lpcxpresso/tools/bin/../lib/gcc/arm-none-eabi/4.6.2/../../../../arm-none-eabi/lib/armv7-m\libcr_c.a(stdio.o)
 .ARM.attributes
                0x00000af5       0x33 d:/lpcxpresso/lpcxpresso/tools/bin/../lib/gcc/arm-none-eabi/4.6.2/../../../../arm-none-eabi/lib/armv7-m\libcr_c.a(strcat.o)
 .ARM.attributes
                0x00000b28       0x33 d:/lpcxpresso/lpcxpresso/tools/bin/../lib/gcc/arm-none-eabi/4.6.2/../../../../arm-none-eabi/lib/armv7-m\libcr_c.a(strcmp.o)
 .ARM.attributes
                0x00000b5b       0x33 d:/lpcxpresso/lpcxpresso/tools/bin/../lib/gcc/arm-none-eabi/4.6.2/../../../../arm-none-eabi/lib/armv7-m\libcr_c.a(strcpy.o)
 .ARM.attributes
                0x00000b8e       0x33 d:/lpcxpresso/lpcxpresso/tools/bin/../lib/gcc/arm-none-eabi/4.6.2/../../../../arm-none-eabi/lib/armv7-m\libcr_c.a(strlen.o)
 .ARM.attributes
                0x00000bc1       0x33 d:/lpcxpresso/lpcxpresso/tools/bin/../lib/gcc/arm-none-eabi/4.6.2/../../../../arm-none-eabi/lib/armv7-m\libcr_c.a(strncmp.o)
 .ARM.attributes
                0x00000bf4       0x33 d:/lpcxpresso/lpcxpresso/tools/bin/../lib/gcc/arm-none-eabi/4.6.2/../../../../arm-none-eabi/lib/armv7-m\libcr_c.a(strncpy.o)
 .ARM.attributes
                0x00000c27       0x33 d:/lpcxpresso/lpcxpresso/tools/bin/../lib/gcc/arm-none-eabi/4.6.2/../../../../arm-none-eabi/lib/armv7-m\libcr_c.a(ungetc.o)
 .ARM.attributes
                0x00000c5a       0x33 d:/lpcxpresso/lpcxpresso/tools/bin/../lib/gcc/arm-none-eabi/4.6.2/../../../../arm-none-eabi/lib/armv7-m\libcr_c.a(__fillbuf.o)
 .ARM.attributes
                0x00000c8d       0x33 d:/lpcxpresso/lpcxpresso/tools/bin/../lib/gcc/arm-none-eabi/4.6.2/../../../../arm-none-eabi/lib/armv7-m\libcr_c.a(_deferredlazyseek.o)
 .ARM.attributes
                0x00000cc0       0x33 d:/lpcxpresso/lpcxpresso/tools/bin/../lib/gcc/arm-none-eabi/4.6.2/../../../../arm-none-eabi/lib/armv7-m\libcr_c.a(_fdopen.o)
 .ARM.attributes
                0x00000cf3       0x33 d:/lpcxpresso/lpcxpresso/tools/bin/../lib/gcc/arm-none-eabi/4.6.2/../../../../arm-none-eabi/lib/armv7-m\libcr_c.a(_fflush.o)
 .ARM.attributes
                0x00000d26       0x33 d:/lpcxpresso/lpcxpresso/tools/bin/../lib/gcc/arm-none-eabi/4.6.2/../../../../arm-none-eabi/lib/armv7-m\libcr_c.a(_frexpl.o)
 .ARM.attributes
                0x00000d59       0x33 d:/lpcxpresso/lpcxpresso/tools/bin/../lib/gcc/arm-none-eabi/4.6.2/../../../../arm-none-eabi/lib/armv7-m\libcr_c.a(_hugeval.o)
 .ARM.attributes
                0x00000d8c       0x33 d:/lpcxpresso/lpcxpresso/tools/bin/../lib/gcc/arm-none-eabi/4.6.2/../../../../arm-none-eabi/lib/armv7-m\libcr_c.a(_ldexpl.o)
 .ARM.attributes
                0x00000dbf       0x33 d:/lpcxpresso/lpcxpresso/tools/bin/../lib/gcc/arm-none-eabi/4.6.2/../../../../arm-none-eabi/lib/armv7-m\libcr_c.a(_writebuf.o)
 .ARM.attributes
                0x00000df2       0x33 d:/lpcxpresso/lpcxpresso/tools/bin/../lib/gcc/arm-none-eabi/4.6.2/../../../../arm-none-eabi/lib/armv7-m\libcr_c.a(alloc.o)
 .ARM.attributes
                0x00000e25       0x33 d:/lpcxpresso/lpcxpresso/tools/bin/../lib/gcc/arm-none-eabi/4.6.2/../../../../arm-none-eabi/lib/armv7-m\libcr_c.a(ctype.o)
 .ARM.attributes
                0x00000e58       0x33 d:/lpcxpresso/lpcxpresso/tools/bin/../lib/gcc/arm-none-eabi/4.6.2/../../../../arm-none-eabi/lib/armv7-m\libcr_c.a(errno.o)
 .ARM.attributes
                0x00000e8b       0x33 d:/lpcxpresso/lpcxpresso/tools/bin/../lib/gcc/arm-none-eabi/4.6.2/../../../../arm-none-eabi/lib/armv7-m\libcr_c.a(fclose.o)
 .ARM.attributes
                0x00000ebe       0x33 d:/lpcxpresso/lpcxpresso/tools/bin/../lib/gcc/arm-none-eabi/4.6.2/../../../../arm-none-eabi/lib/armv7-m\libcr_c.a(fflush.o)
 .ARM.attributes
                0x00000ef1       0x33 d:/lpcxpresso/lpcxpresso/tools/bin/../lib/gcc/arm-none-eabi/4.6.2/../../../../arm-none-eabi/lib/armv7-m\libcr_c.a(fseek.o)
 .ARM.attributes
                0x00000f24       0x33 d:/lpcxpresso/lpcxpresso/tools/bin/../lib/gcc/arm-none-eabi/4.6.2/../../../../arm-none-eabi/lib/armv7-m\libcr_c.a(ftell.o)
 .ARM.attributes
                0x00000f57       0x33 d:/lpcxpresso/lpcxpresso/tools/bin/../lib/gcc/arm-none-eabi/4.6.2/../../../../arm-none-eabi/lib/armv7-m\libcr_c.a(remove.o)
 .ARM.attributes
                0x00000f8a       0x33 d:/lpcxpresso/lpcxpresso/tools/bin/../lib/gcc/arm-none-eabi/4.6.2/../../../../arm-none-eabi/lib/armv7-m\libcr_c.a(__init_alloc.o)
 .ARM.attributes
                0x00000fbd       0x33 d:/lpcxpresso/lpcxpresso/tools/bin/../lib/gcc/arm-none-eabi/4.6.2/../../../../arm-none-eabi/lib/armv7-m\libcr_c.a(_do_fflush.o)
 .ARM.attributes
                0x00000ff0       0x21 d:/lpcxpresso/lpcxpresso/tools/bin/../lib/gcc/arm-none-eabi/4.6.2/armv7-m\libcr_eabihelpers.a(division.o)
 .ARM.attributes
                0x00001011       0x33 d:/lpcxpresso/lpcxpresso/tools/bin/../lib/gcc/arm-none-eabi/4.6.2/armv7-m\libcr_eabihelpers.a(double.o)
 .ARM.attributes
                0x00001044       0x33 d:/lpcxpresso/lpcxpresso/tools/bin/../lib/gcc/arm-none-eabi/4.6.2/armv7-m\libcr_eabihelpers.a(float.o)
 .ARM.attributes
                0x00001077       0x21 d:/lpcxpresso/lpcxpresso/tools/bin/../lib/gcc/arm-none-eabi/4.6.2/armv7-m\libcr_eabihelpers.a(memcpy.o)
 .ARM.attributes
                0x00001098       0x21 d:/lpcxpresso/lpcxpresso/tools/bin/../lib/gcc/arm-none-eabi/4.6.2/../../../../arm-none-eabi/lib/armv7-m\libcr_semihost.a(__sys_appexit.o)
 .ARM.attributes
                0x000010b9       0x21 d:/lpcxpresso/lpcxpresso/tools/bin/../lib/gcc/arm-none-eabi/4.6.2/../../../../arm-none-eabi/lib/armv7-m\libcr_semihost.a(__sys_close.o)
 .ARM.attributes
                0x000010da       0x21 d:/lpcxpresso/lpcxpresso/tools/bin/../lib/gcc/arm-none-eabi/4.6.2/../../../../arm-none-eabi/lib/armv7-m\libcr_semihost.a(__sys_flen.o)
 .ARM.attributes
                0x000010fb       0x21 d:/lpcxpresso/lpcxpresso/tools/bin/../lib/gcc/arm-none-eabi/4.6.2/../../../../arm-none-eabi/lib/armv7-m\libcr_semihost.a(__sys_istty.o)
 .ARM.attributes
                0x0000111c       0x21 d:/lpcxpresso/lpcxpresso/tools/bin/../lib/gcc/arm-none-eabi/4.6.2/../../../../arm-none-eabi/lib/armv7-m\libcr_semihost.a(__sys_read.o)
 .ARM.attributes
                0x0000113d       0x21 d:/lpcxpresso/lpcxpresso/tools/bin/../lib/gcc/arm-none-eabi/4.6.2/../../../../arm-none-eabi/lib/armv7-m\libcr_semihost.a(__sys_readc.o)
 .ARM.attributes
                0x0000115e       0x21 d:/lpcxpresso/lpcxpresso/tools/bin/../lib/gcc/arm-none-eabi/4.6.2/../../../../arm-none-eabi/lib/armv7-m\libcr_semihost.a(__sys_remove.o)
 .ARM.attributes
                0x0000117f       0x21 d:/lpcxpresso/lpcxpresso/tools/bin/../lib/gcc/arm-none-eabi/4.6.2/../../../../arm-none-eabi/lib/armv7-m\libcr_semihost.a(__sys_rename.o)
 .ARM.attributes
                0x000011a0       0x21 d:/lpcxpresso/lpcxpresso/tools/bin/../lib/gcc/arm-none-eabi/4.6.2/../../../../arm-none-eabi/lib/armv7-m\libcr_semihost.a(__sys_seek.o)
 .ARM.attributes
                0x000011c1       0x21 d:/lpcxpresso/lpcxpresso/tools/bin/../lib/gcc/arm-none-eabi/4.6.2/../../../../arm-none-eabi/lib/armv7-m\libcr_semihost.a(__sys_tmpnam.o)
 .ARM.attributes
                0x000011e2       0x21 d:/lpcxpresso/lpcxpresso/tools/bin/../lib/gcc/arm-none-eabi/4.6.2/../../../../arm-none-eabi/lib/armv7-m\libcr_semihost.a(__sys_write.o)
 .ARM.attributes
                0x00001203       0x33 d:/lpcxpresso/lpcxpresso/tools/bin/../lib/gcc/arm-none-eabi/4.6.2/../../../../arm-none-eabi/lib/armv7-m\libcr_semihost.a(_cr_sbrk.o)
 .ARM.attributes
                0x00001236       0x33 d:/lpcxpresso/lpcxpresso/tools/bin/../lib/gcc/arm-none-eabi/4.6.2/../../../../arm-none-eabi/lib/armv7-m\libcr_semihost.a(_cr_check_heap.o)

.debug_loc      0x00000000     0x5fed
 .debug_loc     0x00000000      0x2d8 ./stdPeriphLibs/lpc17xx_adc.o
 .debug_loc     0x000002d8      0x190 ./stdPeriphLibs/lpc17xx_clkpwr.o
 .debug_loc     0x00000468      0x118 ./stdPeriphLibs/lpc17xx_dac.o
 .debug_loc     0x00000580      0x138 ./stdPeriphLibs/lpc17xx_exti.o
 .debug_loc     0x000006b8      0x10c ./stdPeriphLibs/lpc17xx_gpdma.o
 .debug_loc     0x000007c4      0x620 ./stdPeriphLibs/lpc17xx_gpio.o
 .debug_loc     0x00000de4      0x508 ./stdPeriphLibs/lpc17xx_i2c.o
 .debug_loc     0x000012ec      0x49a ./stdPeriphLibs/lpc17xx_i2s.o
 .debug_loc     0x00001786       0x38 ./stdPeriphLibs/lpc17xx_libcfg_default.o
 .debug_loc     0x000017be       0xa8 ./stdPeriphLibs/lpc17xx_nvic.o
 .debug_loc     0x00001866      0x150 ./stdPeriphLibs/lpc17xx_pinsel.o
 .debug_loc     0x000019b6      0x310 ./stdPeriphLibs/lpc17xx_pwm.o
 .debug_loc     0x00001cc6      0x150 ./stdPeriphLibs/lpc17xx_rit.o
 .debug_loc     0x00001e16      0x460 ./stdPeriphLibs/lpc17xx_rtc.o
 .debug_loc     0x00002276      0x2d8 ./stdPeriphLibs/lpc17xx_spi.o
 .debug_loc     0x0000254e      0x3f0 ./stdPeriphLibs/lpc17xx_ssp.o
 .debug_loc     0x0000293e      0x138 ./stdPeriphLibs/lpc17xx_systick.o
 .debug_loc     0x00002a76      0x380 ./stdPeriphLibs/lpc17xx_timer.o
 .debug_loc     0x00002df6      0x65a ./stdPeriphLibs/lpc17xx_uart.o
 .debug_loc     0x00003450      0x190 ./stdPeriphLibs/lpc17xx_wdt.o
 .debug_loc     0x000035e0       0x58 ./stdPeriphLibs/system_LPC17xx.o
 .debug_loc     0x00003638      0x1a8 ./src/userInterface/displayDriver.o
 .debug_loc     0x000037e0      0x326 ./src/userInterface/qTouch.o
 .debug_loc     0x00003b06       0x64 ./src/userInterface/realTimeClock.o
 .debug_loc     0x00003b6a       0x38 ./src/tasks/idleTask.o
 .debug_loc     0x00003ba2       0xe0 ./src/tasks/taskGpsLocalization.o
 .debug_loc     0x00003c82       0x38 ./src/tasks/taskLedBlinking.o
 .debug_loc     0x00003cba       0x2c ./src/tasks/userTask.o
 .debug_loc     0x00003ce6      0x25c ./src/sensorsMenagement/DS18B20.o
 .debug_loc     0x00003f42       0xd8 ./src/sensorsMenagement/SHT21.o
 .debug_loc     0x0000401a       0xc8 ./src/sensorsMenagement/sensorControl.o
 .debug_loc     0x000040e2      0x164 ./src/powerManagement/poweMenagement.o
 .debug_loc     0x00004246      0x546 ./src/gsmModule/gsmModule.o
 .debug_loc     0x0000478c      0x1d4 ./src/gpsModule/gpsModule.o
 .debug_loc     0x00004960      0x1b4 ./src/commonFunctions.o
 .debug_loc     0x00004b14      0x16c ./src/cr_startup_lpc17.o
 .debug_loc     0x00004c80      0x164 ./src/main.o
 .debug_loc     0x00004de4      0x188 ./FreeRTOS_src/croutine.o
 .debug_loc     0x00004f6c      0x118 ./FreeRTOS_src/list.o
 .debug_loc     0x00005084      0x498 ./FreeRTOS_src/queue.o
 .debug_loc     0x0000551c      0x891 ./FreeRTOS_src/tasks.o
 .debug_loc     0x00005dad       0xc8 ./FreeRTOS_portable/MemMang/heap_2.o
 .debug_loc     0x00005e75      0x178 ./FreeRTOS_portable/port.o

.debug_aranges  0x00000000     0x1240
 .debug_aranges
                0x00000000       0x80 ./stdPeriphLibs/lpc17xx_adc.o
 .debug_aranges
                0x00000080       0x58 ./stdPeriphLibs/lpc17xx_clkpwr.o
 .debug_aranges
                0x000000d8       0x40 ./stdPeriphLibs/lpc17xx_dac.o
 .debug_aranges
                0x00000118       0x48 ./stdPeriphLibs/lpc17xx_exti.o
 .debug_aranges
                0x00000160       0x40 ./stdPeriphLibs/lpc17xx_gpdma.o
 .debug_aranges
                0x000001a0       0xf8 ./stdPeriphLibs/lpc17xx_gpio.o
 .debug_aranges
                0x00000298       0xd0 ./stdPeriphLibs/lpc17xx_i2c.o
 .debug_aranges
                0x00000368       0xc0 ./stdPeriphLibs/lpc17xx_i2s.o
 .debug_aranges
                0x00000428       0x20 ./stdPeriphLibs/lpc17xx_libcfg_default.o
 .debug_aranges
                0x00000448       0x30 ./stdPeriphLibs/lpc17xx_nvic.o
 .debug_aranges
                0x00000478       0x48 ./stdPeriphLibs/lpc17xx_pinsel.o
 .debug_aranges
                0x000004c0       0x88 ./stdPeriphLibs/lpc17xx_pwm.o
 .debug_aranges
                0x00000548       0x48 ./stdPeriphLibs/lpc17xx_rit.o
 .debug_aranges
                0x00000590       0xb8 ./stdPeriphLibs/lpc17xx_rtc.o
 .debug_aranges
                0x00000648       0x80 ./stdPeriphLibs/lpc17xx_spi.o
 .debug_aranges
                0x000006c8       0xa8 ./stdPeriphLibs/lpc17xx_ssp.o
 .debug_aranges
                0x00000770       0x48 ./stdPeriphLibs/lpc17xx_systick.o
 .debug_aranges
                0x000007b8       0x98 ./stdPeriphLibs/lpc17xx_timer.o
 .debug_aranges
                0x00000850      0x100 ./stdPeriphLibs/lpc17xx_uart.o
 .debug_aranges
                0x00000950       0x58 ./stdPeriphLibs/lpc17xx_wdt.o
 .debug_aranges
                0x000009a8       0x28 ./stdPeriphLibs/system_LPC17xx.o
 .debug_aranges
                0x000009d0       0x58 ./src/userInterface/displayDriver.o
 .debug_aranges
                0x00000a28       0x90 ./src/userInterface/qTouch.o
 .debug_aranges
                0x00000ab8       0x28 ./src/userInterface/realTimeClock.o
 .debug_aranges
                0x00000ae0       0x20 ./src/tasks/idleTask.o
 .debug_aranges
                0x00000b00       0x38 ./src/tasks/taskGpsLocalization.o
 .debug_aranges
                0x00000b38       0x20 ./src/tasks/taskLedBlinking.o
 .debug_aranges
                0x00000b58       0x20 ./src/tasks/userTask.o
 .debug_aranges
                0x00000b78       0x70 ./src/sensorsMenagement/DS18B20.o
 .debug_aranges
                0x00000be8       0x38 ./src/sensorsMenagement/SHT21.o
 .debug_aranges
                0x00000c20       0x38 ./src/sensorsMenagement/sensorControl.o
 .debug_aranges
                0x00000c58       0x50 ./src/powerManagement/poweMenagement.o
 .debug_aranges
                0x00000ca8       0xe8 ./src/gsmModule/gsmModule.o
 .debug_aranges
                0x00000d90       0x60 ./src/gpsModule/gpsModule.o
 .debug_aranges
                0x00000df0       0x58 ./src/commonFunctions.o
 .debug_aranges
                0x00000e48       0x58 ./src/cr_startup_lpc17.o
 .debug_aranges
                0x00000ea0       0x50 ./src/main.o
 .debug_aranges
                0x00000ef0       0x50 ./FreeRTOS_src/croutine.o
 .debug_aranges
                0x00000f40       0x40 ./FreeRTOS_src/list.o
 .debug_aranges
                0x00000f80       0xc0 ./FreeRTOS_src/queue.o
 .debug_aranges
                0x00001040      0x158 ./FreeRTOS_src/tasks.o
 .debug_aranges
                0x00001198       0x38 ./FreeRTOS_portable/MemMang/heap_2.o
 .debug_aranges
                0x000011d0       0x70 ./FreeRTOS_portable/port.o

.debug_ranges   0x00000000      0xf90
 .debug_ranges  0x00000000       0x70 ./stdPeriphLibs/lpc17xx_adc.o
 .debug_ranges  0x00000070       0x48 ./stdPeriphLibs/lpc17xx_clkpwr.o
 .debug_ranges  0x000000b8       0x30 ./stdPeriphLibs/lpc17xx_dac.o
 .debug_ranges  0x000000e8       0x38 ./stdPeriphLibs/lpc17xx_exti.o
 .debug_ranges  0x00000120       0x30 ./stdPeriphLibs/lpc17xx_gpdma.o
 .debug_ranges  0x00000150       0xe8 ./stdPeriphLibs/lpc17xx_gpio.o
 .debug_ranges  0x00000238       0xc0 ./stdPeriphLibs/lpc17xx_i2c.o
 .debug_ranges  0x000002f8       0xb0 ./stdPeriphLibs/lpc17xx_i2s.o
 .debug_ranges  0x000003a8       0x10 ./stdPeriphLibs/lpc17xx_libcfg_default.o
 .debug_ranges  0x000003b8       0x20 ./stdPeriphLibs/lpc17xx_nvic.o
 .debug_ranges  0x000003d8       0x38 ./stdPeriphLibs/lpc17xx_pinsel.o
 .debug_ranges  0x00000410       0x78 ./stdPeriphLibs/lpc17xx_pwm.o
 .debug_ranges  0x00000488       0x38 ./stdPeriphLibs/lpc17xx_rit.o
 .debug_ranges  0x000004c0       0xa8 ./stdPeriphLibs/lpc17xx_rtc.o
 .debug_ranges  0x00000568       0x70 ./stdPeriphLibs/lpc17xx_spi.o
 .debug_ranges  0x000005d8       0x98 ./stdPeriphLibs/lpc17xx_ssp.o
 .debug_ranges  0x00000670       0x38 ./stdPeriphLibs/lpc17xx_systick.o
 .debug_ranges  0x000006a8       0x88 ./stdPeriphLibs/lpc17xx_timer.o
 .debug_ranges  0x00000730       0xf0 ./stdPeriphLibs/lpc17xx_uart.o
 .debug_ranges  0x00000820       0x48 ./stdPeriphLibs/lpc17xx_wdt.o
 .debug_ranges  0x00000868       0x18 ./stdPeriphLibs/system_LPC17xx.o
 .debug_ranges  0x00000880       0x48 ./src/userInterface/displayDriver.o
 .debug_ranges  0x000008c8       0x80 ./src/userInterface/qTouch.o
 .debug_ranges  0x00000948       0x18 ./src/userInterface/realTimeClock.o
 .debug_ranges  0x00000960       0x10 ./src/tasks/idleTask.o
 .debug_ranges  0x00000970       0x28 ./src/tasks/taskGpsLocalization.o
 .debug_ranges  0x00000998       0x10 ./src/tasks/taskLedBlinking.o
 .debug_ranges  0x000009a8       0x10 ./src/tasks/userTask.o
 .debug_ranges  0x000009b8       0x60 ./src/sensorsMenagement/DS18B20.o
 .debug_ranges  0x00000a18       0x28 ./src/sensorsMenagement/SHT21.o
 .debug_ranges  0x00000a40       0x28 ./src/sensorsMenagement/sensorControl.o
 .debug_ranges  0x00000a68       0x40 ./src/powerManagement/poweMenagement.o
 .debug_ranges  0x00000aa8       0xd8 ./src/gsmModule/gsmModule.o
 .debug_ranges  0x00000b80       0x50 ./src/gpsModule/gpsModule.o
 .debug_ranges  0x00000bd0       0x48 ./src/commonFunctions.o
 .debug_ranges  0x00000c18       0x48 ./src/cr_startup_lpc17.o
 .debug_ranges  0x00000c60       0x40 ./src/main.o
 .debug_ranges  0x00000ca0       0x40 ./FreeRTOS_src/croutine.o
 .debug_ranges  0x00000ce0       0x30 ./FreeRTOS_src/list.o
 .debug_ranges  0x00000d10       0xb0 ./FreeRTOS_src/queue.o
 .debug_ranges  0x00000dc0      0x148 ./FreeRTOS_src/tasks.o
 .debug_ranges  0x00000f08       0x28 ./FreeRTOS_portable/MemMang/heap_2.o
 .debug_ranges  0x00000f30       0x60 ./FreeRTOS_portable/port.o

.debug_frame    0x00000000     0x38c4
 .debug_frame   0x00000000      0x1ac ./stdPeriphLibs/lpc17xx_adc.o
 .debug_frame   0x000001ac       0xe4 ./stdPeriphLibs/lpc17xx_clkpwr.o
 .debug_frame   0x00000290       0xb0 ./stdPeriphLibs/lpc17xx_dac.o
 .debug_frame   0x00000340       0xb4 ./stdPeriphLibs/lpc17xx_exti.o
 .debug_frame   0x000003f4       0xa4 ./stdPeriphLibs/lpc17xx_gpdma.o
 .debug_frame   0x00000498      0x378 ./stdPeriphLibs/lpc17xx_gpio.o
 .debug_frame   0x00000810      0x2d0 ./stdPeriphLibs/lpc17xx_i2c.o
 .debug_frame   0x00000ae0      0x2b0 ./stdPeriphLibs/lpc17xx_i2s.o
 .debug_frame   0x00000d90       0x2c ./stdPeriphLibs/lpc17xx_libcfg_default.o
 .debug_frame   0x00000dbc       0x64 ./stdPeriphLibs/lpc17xx_nvic.o
 .debug_frame   0x00000e20       0xbc ./stdPeriphLibs/lpc17xx_pinsel.o
 .debug_frame   0x00000edc      0x1d0 ./stdPeriphLibs/lpc17xx_pwm.o
 .debug_frame   0x000010ac       0xd0 ./stdPeriphLibs/lpc17xx_rit.o
 .debug_frame   0x0000117c      0x28c ./stdPeriphLibs/lpc17xx_rtc.o
 .debug_frame   0x00001408      0x1ac ./stdPeriphLibs/lpc17xx_spi.o
 .debug_frame   0x000015b4      0x24c ./stdPeriphLibs/lpc17xx_ssp.o
 .debug_frame   0x00001800       0xc0 ./stdPeriphLibs/lpc17xx_systick.o
 .debug_frame   0x000018c0      0x208 ./stdPeriphLibs/lpc17xx_timer.o
 .debug_frame   0x00001ac8      0x3a0 ./stdPeriphLibs/lpc17xx_uart.o
 .debug_frame   0x00001e68       0xf0 ./stdPeriphLibs/lpc17xx_wdt.o
 .debug_frame   0x00001f58       0x48 ./stdPeriphLibs/system_LPC17xx.o
 .debug_frame   0x00001fa0      0x104 ./src/userInterface/displayDriver.o
 .debug_frame   0x000020a4      0x1d0 ./src/userInterface/qTouch.o
 .debug_frame   0x00002274       0x4c ./src/userInterface/realTimeClock.o
 .debug_frame   0x000022c0       0x2c ./src/tasks/idleTask.o
 .debug_frame   0x000022ec       0x88 ./src/tasks/taskGpsLocalization.o
 .debug_frame   0x00002374       0x30 ./src/tasks/taskLedBlinking.o
 .debug_frame   0x000023a4       0x2c ./src/tasks/userTask.o
 .debug_frame   0x000023d0      0x170 ./src/sensorsMenagement/DS18B20.o
 .debug_frame   0x00002540       0x8c ./src/sensorsMenagement/SHT21.o
 .debug_frame   0x000025cc       0x88 ./src/sensorsMenagement/sensorControl.o